[INFO] Scanning for projects...
[INFO] 
[INFO] -----------------------< com.twitter:ApiGateway >-----------------------
[INFO] Building ApiGateway 0.0.1-SNAPSHOT
[INFO]   from pom.xml
[INFO] --------------------------------[ jar ]---------------------------------
[INFO] 
[INFO] >>> spring-boot:4.0.7:run (default-cli) > test-compile @ ApiGateway >>>
[INFO] 
[INFO] --- resources:3.3.1:resources (default-resources) @ ApiGateway ---
[INFO] Copying 1 resource from src/main/resources to target/classes
[INFO] Copying 0 resource from src/main/resources to target/classes
[INFO] 
[INFO] --- compiler:3.14.1:compile (default-compile) @ ApiGateway ---
[INFO] Nothing to compile - all classes are up to date.
[INFO] 
[INFO] --- resources:3.3.1:testResources (default-testResources) @ ApiGateway ---
[INFO] skip non existing resourceDirectory /home/md-quayem-ashraf/Desktop/TwitterClone/ApiGateway/src/test/resources
[INFO] 
[INFO] --- compiler:3.14.1:testCompile (default-testCompile) @ ApiGateway ---
[INFO] Nothing to compile - all classes are up to date.
[INFO] 
[INFO] <<< spring-boot:4.0.7:run (default-cli) < test-compile @ ApiGateway <<<
[INFO] 
[INFO] 
[INFO] --- spring-boot:4.0.7:run (default-cli) @ ApiGateway ---
[INFO] Attaching agents: []

  .   ____          _            __ _ _
 /\\ / ___'_ __ _ _(_)_ __  __ _ \ \ \ \
( ( )\___ | '_ | '_| | '_ \/ _` | \ \ \ \
 \\/  ___)| |_)| | | | | || (_| |  ) ) ) )
  '  |____| .__|_| |_|_| |_\__, | / / / /
 =========|_|==============|___/=/_/_/_/

 :: Spring Boot ::                (v4.0.7)

2026-07-04T11:25:31.893+05:30  INFO 8180 --- [API-GATEWAY] [  restartedMain] c.t.ApiGateway.ApiGatewayApplication     : Starting ApiGatewayApplication using Java 17.0.19 with PID 8180 (/home/md-quayem-ashraf/Desktop/TwitterClone/ApiGateway/target/classes started by md-quayem-ashraf in /home/md-quayem-ashraf/Desktop/TwitterClone/ApiGateway)
2026-07-04T11:25:31.915+05:30  INFO 8180 --- [API-GATEWAY] [  restartedMain] c.t.ApiGateway.ApiGatewayApplication     : No active profile set, falling back to 1 default profile: "default"
2026-07-04T11:25:32.187+05:30  INFO 8180 --- [API-GATEWAY] [  restartedMain] .e.DevToolsPropertyDefaultsPostProcessor : Devtools property defaults active! Set 'spring.devtools.add-properties' to 'false' to disable
2026-07-04T11:25:36.009+05:30 TRACE 8180 --- [API-GATEWAY] [  restartedMain] o.s.c.g.c.c.OnEnabledGlobalFilter        : Condition OnEnabledGlobalFilter on org.springframework.cloud.gateway.config.GatewayReactiveLoadBalancerClientAutoConfiguration#gatewayLoadBalancerClientFilter matched
2026-07-04T11:25:36.028+05:30 TRACE 8180 --- [API-GATEWAY] [  restartedMain] o.s.c.g.c.c.OnEnabledGlobalFilter        : Condition OnEnabledGlobalFilter on org.springframework.cloud.gateway.config.GatewayReactiveLoadBalancerClientAutoConfiguration#loadBalancerServiceInstanceCookieFilter matched
2026-07-04T11:25:36.075+05:30 TRACE 8180 --- [API-GATEWAY] [  restartedMain] es$NettyServerCustomizerEnabledCondition : Condition TrustedProxies.NettyServerCustomizerEnabledCondition on org.springframework.cloud.gateway.config.GatewayAutoConfiguration$NettyConfiguration#gatewayNettyServerCustomizer did not match due to AllNestedConditions 0 matched 2 did not; NestedCondition on TrustedProxies.NettyServerCustomizerEnabledCondition.OnTrustedProxiesNotEmpty spring.cloud.gateway.server.webflux.trusted-proxies property is not set or is empty.; NestedCondition on TrustedProxies.NettyServerCustomizerEnabledCondition.OnPropertyEnabled @ConditionalOnProperty (spring.cloud.gateway.server.webflux.httpserver.customizer-enabled) did not find property 'spring.cloud.gateway.server.webflux.httpserver.customizer-enabled'
2026-07-04T11:25:36.185+05:30 TRACE 8180 --- [API-GATEWAY] [  restartedMain] o.s.c.g.c.c.OnEnabledGlobalFilter        : Condition OnEnabledGlobalFilter on org.springframework.cloud.gateway.config.GatewayAutoConfiguration$NettyConfiguration#routingFilter matched
2026-07-04T11:25:36.193+05:30 TRACE 8180 --- [API-GATEWAY] [  restartedMain] o.s.c.g.c.c.OnEnabledGlobalFilter        : Condition OnEnabledGlobalFilter on org.springframework.cloud.gateway.config.GatewayAutoConfiguration$NettyConfiguration#nettyWriteResponseFilter matched
2026-07-04T11:25:36.202+05:30 TRACE 8180 --- [API-GATEWAY] [  restartedMain] o.s.c.g.c.c.OnEnabledGlobalFilter        : Condition OnEnabledGlobalFilter on org.springframework.cloud.gateway.config.GatewayAutoConfiguration$NettyConfiguration#reactorNettyWebSocketClient matched
2026-07-04T11:25:36.203+05:30 TRACE 8180 --- [API-GATEWAY] [  restartedMain] o.s.c.g.c.c.OnEnabledGlobalFilter        : Condition OnEnabledGlobalFilter on org.springframework.cloud.gateway.config.GatewayAutoConfiguration$NettyConfiguration#reactorNettyRequestUpgradeStrategy matched
2026-07-04T11:25:36.460+05:30 TRACE 8180 --- [API-GATEWAY] [  restartedMain] Proxies$ForwardedTrustedProxiesCondition : Condition TrustedProxies.ForwardedTrustedProxiesCondition on org.springframework.cloud.gateway.config.GatewayAutoConfiguration#forwardedHeadersFilter did not match due to AllNestedConditions 1 matched 1 did not; NestedCondition on TrustedProxies.ForwardedTrustedProxiesCondition.OnTrustedProxiesNotEmpty spring.cloud.gateway.server.webflux.trusted-proxies property is not set or is empty.; NestedCondition on TrustedProxies.ForwardedTrustedProxiesCondition.OnPropertyEnabled @ConditionalOnProperty (spring.cloud.gateway.server.webflux.forwarded.enabled) matched
2026-07-04T11:25:36.474+05:30 TRACE 8180 --- [API-GATEWAY] [  restartedMain] xies$NotForwardedTrustedProxiesCondition : Condition TrustedProxies.NotForwardedTrustedProxiesCondition on org.springframework.cloud.gateway.config.GatewayAutoConfiguration#removeForwardedHeadersFilter matched due to NoneNestedConditions 0 matched 1 did not; NestedCondition on TrustedProxies.NotForwardedTrustedProxiesCondition.OnForwardedTrustedProxiesCondition AllNestedConditions 1 matched 1 did not; NestedCondition on TrustedProxies.ForwardedTrustedProxiesCondition.OnTrustedProxiesNotEmpty spring.cloud.gateway.server.webflux.trusted-proxies property is not set or is empty.; NestedCondition on TrustedProxies.ForwardedTrustedProxiesCondition.OnPropertyEnabled @ConditionalOnProperty (spring.cloud.gateway.server.webflux.forwarded.enabled) matched
2026-07-04T11:25:36.487+05:30 TRACE 8180 --- [API-GATEWAY] [  restartedMain] roxies$XForwardedTrustedProxiesCondition : Condition TrustedProxies.XForwardedTrustedProxiesCondition on org.springframework.cloud.gateway.config.GatewayAutoConfiguration#xForwardedHeadersFilter did not match due to AllNestedConditions 1 matched 1 did not; NestedCondition on TrustedProxies.XForwardedTrustedProxiesCondition.OnTrustedProxiesNotEmpty spring.cloud.gateway.server.webflux.trusted-proxies property is not set or is empty.; NestedCondition on TrustedProxies.XForwardedTrustedProxiesCondition.OnPropertyEnabled @ConditionalOnProperty (spring.cloud.gateway.server.webflux.x-forwarded.enabled) matched
2026-07-04T11:25:36.501+05:30 TRACE 8180 --- [API-GATEWAY] [  restartedMain] ies$NotXForwardedTrustedProxiesCondition : Condition TrustedProxies.NotXForwardedTrustedProxiesCondition on org.springframework.cloud.gateway.config.GatewayAutoConfiguration#removeXForwardedHeadersFilter matched due to NoneNestedConditions 0 matched 1 did not; NestedCondition on TrustedProxies.NotXForwardedTrustedProxiesCondition.OnXForwardedTrustedProxiesCondition AllNestedConditions 1 matched 1 did not; NestedCondition on TrustedProxies.XForwardedTrustedProxiesCondition.OnTrustedProxiesNotEmpty spring.cloud.gateway.server.webflux.trusted-proxies property is not set or is empty.; NestedCondition on TrustedProxies.XForwardedTrustedProxiesCondition.OnPropertyEnabled @ConditionalOnProperty (spring.cloud.gateway.server.webflux.x-forwarded.enabled) matched
2026-07-04T11:25:36.509+05:30 TRACE 8180 --- [API-GATEWAY] [  restartedMain] o.s.c.g.c.c.OnEnabledGlobalFilter        : Condition OnEnabledGlobalFilter on org.springframework.cloud.gateway.config.GatewayAutoConfiguration#adaptCachedBodyGlobalFilter matched
2026-07-04T11:25:36.517+05:30 TRACE 8180 --- [API-GATEWAY] [  restartedMain] o.s.c.g.c.c.OnEnabledGlobalFilter        : Condition OnEnabledGlobalFilter on org.springframework.cloud.gateway.config.GatewayAutoConfiguration#removeCachedBodyFilter matched
2026-07-04T11:25:36.523+05:30 TRACE 8180 --- [API-GATEWAY] [  restartedMain] o.s.c.g.c.c.OnEnabledGlobalFilter        : Condition OnEnabledGlobalFilter on org.springframework.cloud.gateway.config.GatewayAutoConfiguration#routeToRequestUrlFilter matched
2026-07-04T11:25:36.528+05:30 TRACE 8180 --- [API-GATEWAY] [  restartedMain] o.s.c.g.c.c.OnEnabledGlobalFilter        : Condition OnEnabledGlobalFilter on org.springframework.cloud.gateway.config.GatewayAutoConfiguration#forwardRoutingFilter matched
2026-07-04T11:25:36.530+05:30 TRACE 8180 --- [API-GATEWAY] [  restartedMain] o.s.c.g.c.c.OnEnabledGlobalFilter        : Condition OnEnabledGlobalFilter on org.springframework.cloud.gateway.config.GatewayAutoConfiguration#forwardPathFilter matched
2026-07-04T11:25:36.539+05:30 TRACE 8180 --- [API-GATEWAY] [  restartedMain] o.s.c.g.c.c.OnEnabledGlobalFilter        : Condition OnEnabledGlobalFilter on org.springframework.cloud.gateway.config.GatewayAutoConfiguration#webSocketService matched
2026-07-04T11:25:36.545+05:30 TRACE 8180 --- [API-GATEWAY] [  restartedMain] o.s.c.g.c.c.OnEnabledGlobalFilter        : Condition OnEnabledGlobalFilter on org.springframework.cloud.gateway.config.GatewayAutoConfiguration#websocketRoutingFilter matched
2026-07-04T11:25:36.549+05:30 TRACE 8180 --- [API-GATEWAY] [  restartedMain] o.s.c.g.c.c.OnEnabledPredicate           : Condition OnEnabledPredicate on org.springframework.cloud.gateway.config.GatewayAutoConfiguration#weightCalculatorWebFilter matched
2026-07-04T11:25:36.552+05:30 TRACE 8180 --- [API-GATEWAY] [  restartedMain] o.s.c.g.c.c.OnEnabledPredicate           : Condition OnEnabledPredicate on org.springframework.cloud.gateway.config.GatewayAutoConfiguration#afterRoutePredicateFactory matched
2026-07-04T11:25:36.556+05:30 TRACE 8180 --- [API-GATEWAY] [  restartedMain] o.s.c.g.c.c.OnEnabledPredicate           : Condition OnEnabledPredicate on org.springframework.cloud.gateway.config.GatewayAutoConfiguration#beforeRoutePredicateFactory matched
2026-07-04T11:25:36.557+05:30 TRACE 8180 --- [API-GATEWAY] [  restartedMain] o.s.c.g.c.c.OnEnabledPredicate           : Condition OnEnabledPredicate on org.springframework.cloud.gateway.config.GatewayAutoConfiguration#betweenRoutePredicateFactory matched
2026-07-04T11:25:36.573+05:30 TRACE 8180 --- [API-GATEWAY] [  restartedMain] o.s.c.g.c.c.OnEnabledPredicate           : Condition OnEnabledPredicate on org.springframework.cloud.gateway.config.GatewayAutoConfiguration#cookieRoutePredicateFactory matched
2026-07-04T11:25:36.574+05:30 TRACE 8180 --- [API-GATEWAY] [  restartedMain] o.s.c.g.c.c.OnEnabledPredicate           : Condition OnEnabledPredicate on org.springframework.cloud.gateway.config.GatewayAutoConfiguration#headerRoutePredicateFactory matched
2026-07-04T11:25:36.584+05:30 TRACE 8180 --- [API-GATEWAY] [  restartedMain] o.s.c.g.c.c.OnEnabledPredicate           : Condition OnEnabledPredicate on org.springframework.cloud.gateway.config.GatewayAutoConfiguration#hostRoutePredicateFactory matched
2026-07-04T11:25:36.586+05:30 TRACE 8180 --- [API-GATEWAY] [  restartedMain] o.s.c.g.c.c.OnEnabledPredicate           : Condition OnEnabledPredicate on org.springframework.cloud.gateway.config.GatewayAutoConfiguration#methodRoutePredicateFactory matched
2026-07-04T11:25:36.596+05:30 TRACE 8180 --- [API-GATEWAY] [  restartedMain] o.s.c.g.c.c.OnEnabledPredicate           : Condition OnEnabledPredicate on org.springframework.cloud.gateway.config.GatewayAutoConfiguration#pathRoutePredicateFactory matched
2026-07-04T11:25:36.597+05:30 TRACE 8180 --- [API-GATEWAY] [  restartedMain] o.s.c.g.c.c.OnEnabledPredicate           : Condition OnEnabledPredicate on org.springframework.cloud.gateway.config.GatewayAutoConfiguration#queryRoutePredicateFactory matched
2026-07-04T11:25:36.605+05:30 TRACE 8180 --- [API-GATEWAY] [  restartedMain] o.s.c.g.c.c.OnEnabledPredicate           : Condition OnEnabledPredicate on org.springframework.cloud.gateway.config.GatewayAutoConfiguration#readBodyPredicateFactory matched
2026-07-04T11:25:36.606+05:30 TRACE 8180 --- [API-GATEWAY] [  restartedMain] o.s.c.g.c.c.OnEnabledPredicate           : Condition OnEnabledPredicate on org.springframework.cloud.gateway.config.GatewayAutoConfiguration#remoteAddrRoutePredicateFactory matched
2026-07-04T11:25:36.614+05:30 TRACE 8180 --- [API-GATEWAY] [  restartedMain] o.s.c.g.c.c.OnEnabledPredicate           : Condition OnEnabledPredicate on org.springframework.cloud.gateway.config.GatewayAutoConfiguration#versionRoutePredicateFactory matched
2026-07-04T11:25:36.622+05:30 TRACE 8180 --- [API-GATEWAY] [  restartedMain] o.s.c.g.c.c.OnEnabledPredicate           : Condition OnEnabledPredicate on org.springframework.cloud.gateway.config.GatewayAutoConfiguration#xForwardedRemoteAddrRoutePredicateFactory matched
2026-07-04T11:25:36.625+05:30 TRACE 8180 --- [API-GATEWAY] [  restartedMain] o.s.c.g.c.c.OnEnabledPredicate           : Condition OnEnabledPredicate on org.springframework.cloud.gateway.config.GatewayAutoConfiguration#weightRoutePredicateFactory matched
2026-07-04T11:25:36.631+05:30 TRACE 8180 --- [API-GATEWAY] [  restartedMain] o.s.c.g.c.c.OnEnabledPredicate           : Condition OnEnabledPredicate on org.springframework.cloud.gateway.config.GatewayAutoConfiguration#cloudFoundryRouteServiceRoutePredicateFactory matched
2026-07-04T11:25:36.641+05:30 TRACE 8180 --- [API-GATEWAY] [  restartedMain] o.s.c.g.c.conditional.OnEnabledFilter    : Condition OnEnabledFilter on org.springframework.cloud.gateway.config.GatewayAutoConfiguration#addRequestHeaderGatewayFilterFactory matched
2026-07-04T11:25:36.647+05:30 TRACE 8180 --- [API-GATEWAY] [  restartedMain] o.s.c.g.c.conditional.OnEnabledFilter    : Condition OnEnabledFilter on org.springframework.cloud.gateway.config.GatewayAutoConfiguration#addRequestHeadersIfNotPresentGatewayFilterFactory matched
2026-07-04T11:25:36.656+05:30 TRACE 8180 --- [API-GATEWAY] [  restartedMain] o.s.c.g.c.conditional.OnEnabledFilter    : Condition OnEnabledFilter on org.springframework.cloud.gateway.config.GatewayAutoConfiguration#mapRequestHeaderGatewayFilterFactory matched
2026-07-04T11:25:36.664+05:30 TRACE 8180 --- [API-GATEWAY] [  restartedMain] o.s.c.g.c.conditional.OnEnabledFilter    : Condition OnEnabledFilter on org.springframework.cloud.gateway.config.GatewayAutoConfiguration#addRequestParameterGatewayFilterFactory matched
2026-07-04T11:25:36.674+05:30 TRACE 8180 --- [API-GATEWAY] [  restartedMain] o.s.c.g.c.conditional.OnEnabledFilter    : Condition OnEnabledFilter on org.springframework.cloud.gateway.config.GatewayAutoConfiguration#addResponseHeaderGatewayFilterFactory matched
2026-07-04T11:25:36.679+05:30 TRACE 8180 --- [API-GATEWAY] [  restartedMain] o.s.c.g.c.conditional.OnEnabledFilter    : Condition OnEnabledFilter on org.springframework.cloud.gateway.config.GatewayAutoConfiguration#modifyRequestBodyGatewayFilterFactory matched
2026-07-04T11:25:36.693+05:30 TRACE 8180 --- [API-GATEWAY] [  restartedMain] o.s.c.g.c.conditional.OnEnabledFilter    : Condition OnEnabledFilter on org.springframework.cloud.gateway.config.GatewayAutoConfiguration#dedupeResponseHeaderGatewayFilterFactory matched
2026-07-04T11:25:36.705+05:30 TRACE 8180 --- [API-GATEWAY] [  restartedMain] o.s.c.g.c.conditional.OnEnabledFilter    : Condition OnEnabledFilter on org.springframework.cloud.gateway.config.GatewayAutoConfiguration#modifyResponseBodyGatewayFilterFactory matched
2026-07-04T11:25:36.714+05:30 TRACE 8180 --- [API-GATEWAY] [  restartedMain] o.s.c.g.c.conditional.OnEnabledFilter    : Condition OnEnabledFilter on org.springframework.cloud.gateway.config.GatewayAutoConfiguration#cacheRequestBodyGatewayFilterFactory matched
2026-07-04T11:25:36.716+05:30 TRACE 8180 --- [API-GATEWAY] [  restartedMain] o.s.c.g.c.conditional.OnEnabledFilter    : Condition OnEnabledFilter on org.springframework.cloud.gateway.config.GatewayAutoConfiguration#prefixPathGatewayFilterFactory matched
2026-07-04T11:25:36.729+05:30 TRACE 8180 --- [API-GATEWAY] [  restartedMain] o.s.c.g.c.conditional.OnEnabledFilter    : Condition OnEnabledFilter on org.springframework.cloud.gateway.config.GatewayAutoConfiguration#preserveHostHeaderGatewayFilterFactory matched
2026-07-04T11:25:36.735+05:30 TRACE 8180 --- [API-GATEWAY] [  restartedMain] o.s.c.g.c.conditional.OnEnabledFilter    : Condition OnEnabledFilter on org.springframework.cloud.gateway.config.GatewayAutoConfiguration#redirectToGatewayFilterFactory matched
2026-07-04T11:25:36.744+05:30 TRACE 8180 --- [API-GATEWAY] [  restartedMain] o.s.c.g.c.conditional.OnEnabledFilter    : Condition OnEnabledFilter on org.springframework.cloud.gateway.config.GatewayAutoConfiguration#removeJsonAttributesResponseBodyGatewayFilterFactory matched
2026-07-04T11:25:36.747+05:30 TRACE 8180 --- [API-GATEWAY] [  restartedMain] o.s.c.g.c.conditional.OnEnabledFilter    : Condition OnEnabledFilter on org.springframework.cloud.gateway.config.GatewayAutoConfiguration#removeRequestHeaderGatewayFilterFactory matched
2026-07-04T11:25:36.754+05:30 TRACE 8180 --- [API-GATEWAY] [  restartedMain] o.s.c.g.c.conditional.OnEnabledFilter    : Condition OnEnabledFilter on org.springframework.cloud.gateway.config.GatewayAutoConfiguration#removeRequestParameterGatewayFilterFactory matched
2026-07-04T11:25:36.761+05:30 TRACE 8180 --- [API-GATEWAY] [  restartedMain] o.s.c.g.c.conditional.OnEnabledFilter    : Condition OnEnabledFilter on org.springframework.cloud.gateway.config.GatewayAutoConfiguration#removeResponseHeaderGatewayFilterFactory matched
2026-07-04T11:25:36.857+05:30 TRACE 8180 --- [API-GATEWAY] [  restartedMain] o.s.c.g.c.conditional.OnEnabledFilter    : Condition OnEnabledFilter on org.springframework.cloud.gateway.config.GatewayAutoConfiguration#rewritePathGatewayFilterFactory matched
2026-07-04T11:25:36.861+05:30 TRACE 8180 --- [API-GATEWAY] [  restartedMain] o.s.c.g.c.conditional.OnEnabledFilter    : Condition OnEnabledFilter on org.springframework.cloud.gateway.config.GatewayAutoConfiguration#retryGatewayFilterFactory matched
2026-07-04T11:25:36.868+05:30 TRACE 8180 --- [API-GATEWAY] [  restartedMain] o.s.c.g.c.conditional.OnEnabledFilter    : Condition OnEnabledFilter on org.springframework.cloud.gateway.config.GatewayAutoConfiguration#setPathGatewayFilterFactory matched
2026-07-04T11:25:36.870+05:30 TRACE 8180 --- [API-GATEWAY] [  restartedMain] o.s.c.g.c.conditional.OnEnabledFilter    : Condition OnEnabledFilter on org.springframework.cloud.gateway.config.GatewayAutoConfiguration#secureHeadersGatewayFilterFactory matched
2026-07-04T11:25:36.871+05:30 TRACE 8180 --- [API-GATEWAY] [  restartedMain] o.s.c.g.c.conditional.OnEnabledFilter    : Condition OnEnabledFilter on org.springframework.cloud.gateway.config.GatewayAutoConfiguration#setRequestHeaderGatewayFilterFactory matched
2026-07-04T11:25:36.876+05:30 TRACE 8180 --- [API-GATEWAY] [  restartedMain] o.s.c.g.c.conditional.OnEnabledFilter    : Condition OnEnabledFilter on org.springframework.cloud.gateway.config.GatewayAutoConfiguration#setRequestHostHeaderGatewayFilterFactory matched
2026-07-04T11:25:36.877+05:30 TRACE 8180 --- [API-GATEWAY] [  restartedMain] o.s.c.g.c.conditional.OnEnabledFilter    : Condition OnEnabledFilter on org.springframework.cloud.gateway.config.GatewayAutoConfiguration#setResponseHeaderGatewayFilterFactory matched
2026-07-04T11:25:36.883+05:30 TRACE 8180 --- [API-GATEWAY] [  restartedMain] o.s.c.g.c.conditional.OnEnabledFilter    : Condition OnEnabledFilter on org.springframework.cloud.gateway.config.GatewayAutoConfiguration#rewriteResponseHeaderGatewayFilterFactory matched
2026-07-04T11:25:36.885+05:30 TRACE 8180 --- [API-GATEWAY] [  restartedMain] o.s.c.g.c.conditional.OnEnabledFilter    : Condition OnEnabledFilter on org.springframework.cloud.gateway.config.GatewayAutoConfiguration#rewriteLocationResponseHeaderGatewayFilterFactory matched
2026-07-04T11:25:36.891+05:30 TRACE 8180 --- [API-GATEWAY] [  restartedMain] o.s.c.g.c.conditional.OnEnabledFilter    : Condition OnEnabledFilter on org.springframework.cloud.gateway.config.GatewayAutoConfiguration#setStatusGatewayFilterFactory matched
2026-07-04T11:25:36.892+05:30 TRACE 8180 --- [API-GATEWAY] [  restartedMain] o.s.c.g.c.conditional.OnEnabledFilter    : Condition OnEnabledFilter on org.springframework.cloud.gateway.config.GatewayAutoConfiguration#saveSessionGatewayFilterFactory matched
2026-07-04T11:25:36.906+05:30 TRACE 8180 --- [API-GATEWAY] [  restartedMain] o.s.c.g.c.conditional.OnEnabledFilter    : Condition OnEnabledFilter on org.springframework.cloud.gateway.config.GatewayAutoConfiguration#stripPrefixGatewayFilterFactory matched
2026-07-04T11:25:36.909+05:30 TRACE 8180 --- [API-GATEWAY] [  restartedMain] o.s.c.g.c.conditional.OnEnabledFilter    : Condition OnEnabledFilter on org.springframework.cloud.gateway.config.GatewayAutoConfiguration#requestHeaderToRequestUriGatewayFilterFactory matched
2026-07-04T11:25:36.910+05:30 TRACE 8180 --- [API-GATEWAY] [  restartedMain] o.s.c.g.c.conditional.OnEnabledFilter    : Condition OnEnabledFilter on org.springframework.cloud.gateway.config.GatewayAutoConfiguration#setRequestUriGatewayFilterFactory matched
2026-07-04T11:25:36.911+05:30 TRACE 8180 --- [API-GATEWAY] [  restartedMain] o.s.c.g.c.conditional.OnEnabledFilter    : Condition OnEnabledFilter on org.springframework.cloud.gateway.config.GatewayAutoConfiguration#requestSizeGatewayFilterFactory matched
2026-07-04T11:25:36.921+05:30 TRACE 8180 --- [API-GATEWAY] [  restartedMain] o.s.c.g.c.conditional.OnEnabledFilter    : Condition OnEnabledFilter on org.springframework.cloud.gateway.config.GatewayAutoConfiguration#requestHeaderSizeGatewayFilterFactory matched
2026-07-04T11:25:36.922+05:30 TRACE 8180 --- [API-GATEWAY] [  restartedMain] o.s.c.g.c.conditional.OnEnabledFilter    : Condition OnEnabledFilter on org.springframework.cloud.gateway.config.GatewayAutoConfiguration#rewriteRequestParameterGatewayFilterFactory matched
2026-07-04T11:25:38.464+05:30  INFO 8180 --- [API-GATEWAY] [  restartedMain] o.s.cloud.context.scope.GenericScope     : BeanFactory id=aa5581ac-2dca-3cd2-8055-23aaf3c572b1
2026-07-04T11:25:44.285+05:30 DEBUG 8180 --- [API-GATEWAY] [  restartedMain] o.s.c.gateway.config.GatewayProperties   : Routes supplied from Gateway Properties: [RouteDefinition{id='auth-service', predicates=[PredicateDefinition{name='Path', args={_genkey_0=/api/auth/**, _genkey_1=/api/admin/**, _genkey_2=/api/internal/**, _genkey_3=/api/test/**}}], filters=[], uri=lb://AUTH-SERVICE, order=0, metadata={}, enabled=true}, RouteDefinition{id='tweet-service', predicates=[PredicateDefinition{name='Path', args={_genkey_0=/api/tweets/**}}], filters=[], uri=lb://TWEET-SERVICE, order=0, metadata={}, enabled=true}, RouteDefinition{id='social-service', predicates=[PredicateDefinition{name='Path', args={_genkey_0=/api/bookmarks/**, _genkey_1=/api/feed/**, _genkey_2=/api/follows/**, _genkey_3=/api/likes/**, _genkey_4=/api/replies/**, _genkey_5=/api/retweets/**, _genkey_6=/api/profile/**, _genkey_7=/social}}], filters=[], uri=lb://SOCIAL-SERVICE, order=0, metadata={}, enabled=true}, RouteDefinition{id='notification-service', predicates=[PredicateDefinition{name='Path', args={_genkey_0=/api/notification/**}}], filters=[], uri=lb://NOTIFICATION-SERVICE, order=0, metadata={}, enabled=true}, RouteDefinition{id='notification-websocket', predicates=[PredicateDefinition{name='Path', args={_genkey_0=/ws/notifications**}}], filters=[], uri=lb:ws://NOTIFICATION-SERVICE, order=0, metadata={}, enabled=true}, RouteDefinition{id='media-service', predicates=[PredicateDefinition{name='Path', args={_genkey_0=/media/**}}], filters=[], uri=lb://MEDIA-SERVICE, order=0, metadata={}, enabled=true}, RouteDefinition{id='chat-service-rest', predicates=[PredicateDefinition{name='Path', args={_genkey_0=/chat-service/api/**}}], filters=[FilterDefinition{name='StripPrefix', args={_genkey_0=1}}], uri=lb://CHAT-SERVICE, order=0, metadata={}, enabled=true}, RouteDefinition{id='chat-service-websocket', predicates=[PredicateDefinition{name='Path', args={_genkey_0=/chat-service/ws/**}}], filters=[FilterDefinition{name='StripPrefix', args={_genkey_0=1}}], uri=lb:ws://CHAT-SERVICE, order=0, metadata={}, enabled=true}]
2026-07-04T11:25:45.206+05:30  INFO 8180 --- [API-GATEWAY] [  restartedMain] o.s.c.g.r.RouteDefinitionRouteLocator    : Loaded RoutePredicateFactory [After]
2026-07-04T11:25:45.211+05:30  INFO 8180 --- [API-GATEWAY] [  restartedMain] o.s.c.g.r.RouteDefinitionRouteLocator    : Loaded RoutePredicateFactory [Before]
2026-07-04T11:25:45.211+05:30  INFO 8180 --- [API-GATEWAY] [  restartedMain] o.s.c.g.r.RouteDefinitionRouteLocator    : Loaded RoutePredicateFactory [Between]
2026-07-04T11:25:45.211+05:30  INFO 8180 --- [API-GATEWAY] [  restartedMain] o.s.c.g.r.RouteDefinitionRouteLocator    : Loaded RoutePredicateFactory [Cookie]
2026-07-04T11:25:45.211+05:30  INFO 8180 --- [API-GATEWAY] [  restartedMain] o.s.c.g.r.RouteDefinitionRouteLocator    : Loaded RoutePredicateFactory [Header]
2026-07-04T11:25:45.212+05:30  INFO 8180 --- [API-GATEWAY] [  restartedMain] o.s.c.g.r.RouteDefinitionRouteLocator    : Loaded RoutePredicateFactory [Host]
2026-07-04T11:25:45.212+05:30  INFO 8180 --- [API-GATEWAY] [  restartedMain] o.s.c.g.r.RouteDefinitionRouteLocator    : Loaded RoutePredicateFactory [Method]
2026-07-04T11:25:45.212+05:30  INFO 8180 --- [API-GATEWAY] [  restartedMain] o.s.c.g.r.RouteDefinitionRouteLocator    : Loaded RoutePredicateFactory [Path]
2026-07-04T11:25:45.212+05:30  INFO 8180 --- [API-GATEWAY] [  restartedMain] o.s.c.g.r.RouteDefinitionRouteLocator    : Loaded RoutePredicateFactory [Query]
2026-07-04T11:25:45.212+05:30  INFO 8180 --- [API-GATEWAY] [  restartedMain] o.s.c.g.r.RouteDefinitionRouteLocator    : Loaded RoutePredicateFactory [ReadBody]
2026-07-04T11:25:45.212+05:30  INFO 8180 --- [API-GATEWAY] [  restartedMain] o.s.c.g.r.RouteDefinitionRouteLocator    : Loaded RoutePredicateFactory [RemoteAddr]
2026-07-04T11:25:45.212+05:30  INFO 8180 --- [API-GATEWAY] [  restartedMain] o.s.c.g.r.RouteDefinitionRouteLocator    : Loaded RoutePredicateFactory [Version]
2026-07-04T11:25:45.212+05:30  INFO 8180 --- [API-GATEWAY] [  restartedMain] o.s.c.g.r.RouteDefinitionRouteLocator    : Loaded RoutePredicateFactory [XForwardedRemoteAddr]
2026-07-04T11:25:45.212+05:30  INFO 8180 --- [API-GATEWAY] [  restartedMain] o.s.c.g.r.RouteDefinitionRouteLocator    : Loaded RoutePredicateFactory [Weight]
2026-07-04T11:25:45.212+05:30  INFO 8180 --- [API-GATEWAY] [  restartedMain] o.s.c.g.r.RouteDefinitionRouteLocator    : Loaded RoutePredicateFactory [CloudFoundryRouteService]
2026-07-04T11:25:46.783+05:30  INFO 8180 --- [API-GATEWAY] [  restartedMain] DiscoveryClientOptionalArgsConfiguration : Eureka HTTP Client uses RestClient.
2026-07-04T11:25:46.959+05:30  WARN 8180 --- [API-GATEWAY] [  restartedMain] iguration$LoadBalancerCaffeineWarnLogger : Spring Cloud LoadBalancer is currently working with the default cache. While this cache implementation is useful for development and tests, it's recommended to use Caffeine cache in production.You can switch to using Caffeine cache, by adding it and org.springframework.cache.caffeine.CaffeineCacheManager to the classpath.
2026-07-04T11:25:47.065+05:30  INFO 8180 --- [API-GATEWAY] [  restartedMain] o.s.c.n.eureka.InstanceInfoFactory       : Setting initial instance status as: STARTING
2026-07-04T11:25:47.185+05:30  INFO 8180 --- [API-GATEWAY] [  restartedMain] com.netflix.discovery.DiscoveryClient    : Initializing Eureka in region us-east-1
2026-07-04T11:25:47.199+05:30  INFO 8180 --- [API-GATEWAY] [  restartedMain] c.n.d.s.r.aws.ConfigClusterResolver      : Resolving eureka endpoints via configuration
2026-07-04T11:25:47.228+05:30  INFO 8180 --- [API-GATEWAY] [  restartedMain] com.netflix.discovery.DiscoveryClient    : Disable delta property : false
2026-07-04T11:25:47.229+05:30  INFO 8180 --- [API-GATEWAY] [  restartedMain] com.netflix.discovery.DiscoveryClient    : Single vip registry refresh property : null
2026-07-04T11:25:47.232+05:30  INFO 8180 --- [API-GATEWAY] [  restartedMain] com.netflix.discovery.DiscoveryClient    : Force full registry fetch : false
2026-07-04T11:25:47.235+05:30  INFO 8180 --- [API-GATEWAY] [  restartedMain] com.netflix.discovery.DiscoveryClient    : Application is null : false
2026-07-04T11:25:47.235+05:30  INFO 8180 --- [API-GATEWAY] [  restartedMain] com.netflix.discovery.DiscoveryClient    : Registered Applications size is zero : true
2026-07-04T11:25:47.235+05:30  INFO 8180 --- [API-GATEWAY] [  restartedMain] com.netflix.discovery.DiscoveryClient    : Application version is -1: true
2026-07-04T11:25:47.235+05:30  INFO 8180 --- [API-GATEWAY] [  restartedMain] com.netflix.discovery.DiscoveryClient    : Getting all instance registry info from the eureka server
2026-07-04T11:25:50.416+05:30  INFO 8180 --- [API-GATEWAY] [  restartedMain] com.netflix.discovery.DiscoveryClient    : The response status is 200
2026-07-04T11:25:50.440+05:30  INFO 8180 --- [API-GATEWAY] [  restartedMain] com.netflix.discovery.DiscoveryClient    : Starting heartbeat executor: renew interval is: 30
2026-07-04T11:25:50.459+05:30  INFO 8180 --- [API-GATEWAY] [  restartedMain] c.n.discovery.InstanceInfoReplicator     : InstanceInfoReplicator onDemand update allowed rate per min is 4
2026-07-04T11:25:50.475+05:30  INFO 8180 --- [API-GATEWAY] [  restartedMain] com.netflix.discovery.DiscoveryClient    : Discovery Client initialized at timestamp 1783144550466 with initial instances count: 0
2026-07-04T11:25:50.488+05:30  INFO 8180 --- [API-GATEWAY] [  restartedMain] o.s.c.n.e.s.EurekaServiceRegistry        : Registering application API-GATEWAY with eureka with status UP
2026-07-04T11:25:50.489+05:30  INFO 8180 --- [API-GATEWAY] [  restartedMain] com.netflix.discovery.DiscoveryClient    : Saw local status change event StatusChangeEvent [timestamp=1783144550489, current=UP, previous=STARTING]
2026-07-04T11:25:50.495+05:30  INFO 8180 --- [API-GATEWAY] [foReplicator-%d] com.netflix.discovery.DiscoveryClient    : DiscoveryClient_API-GATEWAY/10.10.3.10:API-GATEWAY:8089: registering service...
2026-07-04T11:25:50.587+05:30 DEBUG 8180 --- [API-GATEWAY] [  restartedMain] o.s.c.g.r.RouteDefinitionRouteLocator    : RouteDefinition auth-service applying {_genkey_0=/api/auth/**, _genkey_1=/api/admin/**, _genkey_2=/api/internal/**, _genkey_3=/api/test/**} to Path
2026-07-04T11:25:50.671+05:30 DEBUG 8180 --- [API-GATEWAY] [  restartedMain] o.s.c.g.r.RouteDefinitionRouteLocator    : RouteDefinition matched: auth-service
2026-07-04T11:25:50.672+05:30 DEBUG 8180 --- [API-GATEWAY] [  restartedMain] o.s.c.g.r.RouteDefinitionRouteLocator    : RouteDefinition tweet-service applying {_genkey_0=/api/tweets/**} to Path
2026-07-04T11:25:50.679+05:30 DEBUG 8180 --- [API-GATEWAY] [  restartedMain] o.s.c.g.r.RouteDefinitionRouteLocator    : RouteDefinition matched: tweet-service
2026-07-04T11:25:50.682+05:30 DEBUG 8180 --- [API-GATEWAY] [  restartedMain] o.s.c.g.r.RouteDefinitionRouteLocator    : RouteDefinition social-service applying {_genkey_0=/api/bookmarks/**, _genkey_1=/api/feed/**, _genkey_2=/api/follows/**, _genkey_3=/api/likes/**, _genkey_4=/api/replies/**, _genkey_5=/api/retweets/**, _genkey_6=/api/profile/**, _genkey_7=/social} to Path
2026-07-04T11:25:50.686+05:30 DEBUG 8180 --- [API-GATEWAY] [  restartedMain] o.s.c.g.r.RouteDefinitionRouteLocator    : RouteDefinition matched: social-service
2026-07-04T11:25:50.687+05:30 DEBUG 8180 --- [API-GATEWAY] [  restartedMain] o.s.c.g.r.RouteDefinitionRouteLocator    : RouteDefinition notification-service applying {_genkey_0=/api/notification/**} to Path
2026-07-04T11:25:50.690+05:30 DEBUG 8180 --- [API-GATEWAY] [  restartedMain] o.s.c.g.r.RouteDefinitionRouteLocator    : RouteDefinition matched: notification-service
2026-07-04T11:25:50.691+05:30 DEBUG 8180 --- [API-GATEWAY] [  restartedMain] o.s.c.g.r.RouteDefinitionRouteLocator    : RouteDefinition notification-websocket applying {_genkey_0=/ws/notifications**} to Path
2026-07-04T11:25:50.694+05:30 DEBUG 8180 --- [API-GATEWAY] [  restartedMain] o.s.c.g.r.RouteDefinitionRouteLocator    : RouteDefinition matched: notification-websocket
2026-07-04T11:25:50.695+05:30 DEBUG 8180 --- [API-GATEWAY] [  restartedMain] o.s.c.g.r.RouteDefinitionRouteLocator    : RouteDefinition media-service applying {_genkey_0=/media/**} to Path
2026-07-04T11:25:50.698+05:30 DEBUG 8180 --- [API-GATEWAY] [  restartedMain] o.s.c.g.r.RouteDefinitionRouteLocator    : RouteDefinition matched: media-service
2026-07-04T11:25:50.698+05:30 DEBUG 8180 --- [API-GATEWAY] [  restartedMain] o.s.c.g.r.RouteDefinitionRouteLocator    : RouteDefinition chat-service-rest applying {_genkey_0=/chat-service/api/**} to Path
2026-07-04T11:25:50.701+05:30 DEBUG 8180 --- [API-GATEWAY] [  restartedMain] o.s.c.g.r.RouteDefinitionRouteLocator    : RouteDefinition chat-service-rest applying filter {_genkey_0=1} to StripPrefix
2026-07-04T11:25:50.714+05:30 DEBUG 8180 --- [API-GATEWAY] [  restartedMain] o.s.c.g.r.RouteDefinitionRouteLocator    : RouteDefinition matched: chat-service-rest
2026-07-04T11:25:50.715+05:30 DEBUG 8180 --- [API-GATEWAY] [  restartedMain] o.s.c.g.r.RouteDefinitionRouteLocator    : RouteDefinition chat-service-websocket applying {_genkey_0=/chat-service/ws/**} to Path
2026-07-04T11:25:50.718+05:30 DEBUG 8180 --- [API-GATEWAY] [  restartedMain] o.s.c.g.r.RouteDefinitionRouteLocator    : RouteDefinition chat-service-websocket applying filter {_genkey_0=1} to StripPrefix
2026-07-04T11:25:50.722+05:30 DEBUG 8180 --- [API-GATEWAY] [  restartedMain] o.s.c.g.r.RouteDefinitionRouteLocator    : RouteDefinition matched: chat-service-websocket
2026-07-04T11:25:51.286+05:30  INFO 8180 --- [API-GATEWAY] [  restartedMain] o.s.boot.reactor.netty.NettyWebServer    : Netty started on port 8089 (http)
2026-07-04T11:25:51.289+05:30  INFO 8180 --- [API-GATEWAY] [  restartedMain] .s.c.n.e.s.EurekaAutoServiceRegistration : Updating port to 8089
2026-07-04T11:25:51.345+05:30 DEBUG 8180 --- [API-GATEWAY] [  restartedMain] o.s.c.g.r.RouteDefinitionRouteLocator    : RouteDefinition auth-service applying {_genkey_0=/api/auth/**, _genkey_1=/api/admin/**, _genkey_2=/api/internal/**, _genkey_3=/api/test/**} to Path
2026-07-04T11:25:51.353+05:30 DEBUG 8180 --- [API-GATEWAY] [  restartedMain] o.s.c.g.r.RouteDefinitionRouteLocator    : RouteDefinition matched: auth-service
2026-07-04T11:25:51.357+05:30 DEBUG 8180 --- [API-GATEWAY] [  restartedMain] o.s.c.g.r.RouteDefinitionRouteLocator    : RouteDefinition tweet-service applying {_genkey_0=/api/tweets/**} to Path
2026-07-04T11:25:51.368+05:30 DEBUG 8180 --- [API-GATEWAY] [  restartedMain] o.s.c.g.r.RouteDefinitionRouteLocator    : RouteDefinition matched: tweet-service
2026-07-04T11:25:51.369+05:30 DEBUG 8180 --- [API-GATEWAY] [  restartedMain] o.s.c.g.r.RouteDefinitionRouteLocator    : RouteDefinition social-service applying {_genkey_0=/api/bookmarks/**, _genkey_1=/api/feed/**, _genkey_2=/api/follows/**, _genkey_3=/api/likes/**, _genkey_4=/api/replies/**, _genkey_5=/api/retweets/**, _genkey_6=/api/profile/**, _genkey_7=/social} to Path
2026-07-04T11:25:51.375+05:30 DEBUG 8180 --- [API-GATEWAY] [  restartedMain] o.s.c.g.r.RouteDefinitionRouteLocator    : RouteDefinition matched: social-service
2026-07-04T11:25:51.376+05:30 DEBUG 8180 --- [API-GATEWAY] [  restartedMain] o.s.c.g.r.RouteDefinitionRouteLocator    : RouteDefinition notification-service applying {_genkey_0=/api/notification/**} to Path
2026-07-04T11:25:51.383+05:30 DEBUG 8180 --- [API-GATEWAY] [  restartedMain] o.s.c.g.r.RouteDefinitionRouteLocator    : RouteDefinition matched: notification-service
2026-07-04T11:25:51.383+05:30 DEBUG 8180 --- [API-GATEWAY] [  restartedMain] o.s.c.g.r.RouteDefinitionRouteLocator    : RouteDefinition notification-websocket applying {_genkey_0=/ws/notifications**} to Path
2026-07-04T11:25:51.386+05:30 DEBUG 8180 --- [API-GATEWAY] [  restartedMain] o.s.c.g.r.RouteDefinitionRouteLocator    : RouteDefinition matched: notification-websocket
2026-07-04T11:25:51.386+05:30 DEBUG 8180 --- [API-GATEWAY] [  restartedMain] o.s.c.g.r.RouteDefinitionRouteLocator    : RouteDefinition media-service applying {_genkey_0=/media/**} to Path
2026-07-04T11:25:51.392+05:30 DEBUG 8180 --- [API-GATEWAY] [  restartedMain] o.s.c.g.r.RouteDefinitionRouteLocator    : RouteDefinition matched: media-service
2026-07-04T11:25:51.392+05:30 DEBUG 8180 --- [API-GATEWAY] [  restartedMain] o.s.c.g.r.RouteDefinitionRouteLocator    : RouteDefinition chat-service-rest applying {_genkey_0=/chat-service/api/**} to Path
2026-07-04T11:25:51.399+05:30 DEBUG 8180 --- [API-GATEWAY] [  restartedMain] o.s.c.g.r.RouteDefinitionRouteLocator    : RouteDefinition chat-service-rest applying filter {_genkey_0=1} to StripPrefix
2026-07-04T11:25:51.405+05:30 DEBUG 8180 --- [API-GATEWAY] [  restartedMain] o.s.c.g.r.RouteDefinitionRouteLocator    : RouteDefinition matched: chat-service-rest
2026-07-04T11:25:51.405+05:30 DEBUG 8180 --- [API-GATEWAY] [  restartedMain] o.s.c.g.r.RouteDefinitionRouteLocator    : RouteDefinition chat-service-websocket applying {_genkey_0=/chat-service/ws/**} to Path
2026-07-04T11:25:51.415+05:30 DEBUG 8180 --- [API-GATEWAY] [  restartedMain] o.s.c.g.r.RouteDefinitionRouteLocator    : RouteDefinition chat-service-websocket applying filter {_genkey_0=1} to StripPrefix
2026-07-04T11:25:51.423+05:30 DEBUG 8180 --- [API-GATEWAY] [  restartedMain] o.s.c.g.r.RouteDefinitionRouteLocator    : RouteDefinition matched: chat-service-websocket
2026-07-04T11:25:51.434+05:30  INFO 8180 --- [API-GATEWAY] [  restartedMain] c.t.ApiGateway.ApiGatewayApplication     : Started ApiGatewayApplication in 24.089 seconds (process running for 28.621)
2026-07-04T11:25:51.464+05:30  WARN 8180 --- [API-GATEWAY] [  restartedMain] o.s.core.events.SpringDocAppInitializer  : SpringDoc /v3/api-docs endpoint is enabled by default. To disable it in production, set the property 'springdoc.api-docs.enabled=false'
2026-07-04T11:25:51.464+05:30  WARN 8180 --- [API-GATEWAY] [  restartedMain] o.s.core.events.SpringDocAppInitializer  : SpringDoc /swagger-ui.html endpoint is enabled by default. To disable it in production, set the property 'springdoc.swagger-ui.enabled=false'
2026-07-04T11:25:51.774+05:30  INFO 8180 --- [API-GATEWAY] [foReplicator-%d] com.netflix.discovery.DiscoveryClient    : DiscoveryClient_API-GATEWAY/10.10.3.10:API-GATEWAY:8089 - registration status: 204
2026-07-04T11:26:20.434+05:30  INFO 8180 --- [API-GATEWAY] [reshExecutor-%d] com.netflix.discovery.DiscoveryClient    : Disable delta property : false
2026-07-04T11:26:20.435+05:30  INFO 8180 --- [API-GATEWAY] [reshExecutor-%d] com.netflix.discovery.DiscoveryClient    : Single vip registry refresh property : null
2026-07-04T11:26:20.436+05:30  INFO 8180 --- [API-GATEWAY] [reshExecutor-%d] com.netflix.discovery.DiscoveryClient    : Force full registry fetch : false
2026-07-04T11:26:20.437+05:30  INFO 8180 --- [API-GATEWAY] [reshExecutor-%d] com.netflix.discovery.DiscoveryClient    : Application is null : false
2026-07-04T11:26:20.437+05:30  INFO 8180 --- [API-GATEWAY] [reshExecutor-%d] com.netflix.discovery.DiscoveryClient    : Registered Applications size is zero : true
2026-07-04T11:26:20.437+05:30  INFO 8180 --- [API-GATEWAY] [reshExecutor-%d] com.netflix.discovery.DiscoveryClient    : Application version is -1: false
2026-07-04T11:26:20.437+05:30  INFO 8180 --- [API-GATEWAY] [reshExecutor-%d] com.netflix.discovery.DiscoveryClient    : Getting all instance registry info from the eureka server
2026-07-04T11:26:20.485+05:30  INFO 8180 --- [API-GATEWAY] [reshExecutor-%d] com.netflix.discovery.DiscoveryClient    : The response status is 200
2026-07-04T11:26:20.489+05:30 DEBUG 8180 --- [API-GATEWAY] [reshExecutor-%d] o.s.c.g.r.RouteDefinitionRouteLocator    : RouteDefinition auth-service applying {_genkey_0=/api/auth/**, _genkey_1=/api/admin/**, _genkey_2=/api/internal/**, _genkey_3=/api/test/**} to Path
2026-07-04T11:26:20.496+05:30 DEBUG 8180 --- [API-GATEWAY] [reshExecutor-%d] o.s.c.g.r.RouteDefinitionRouteLocator    : RouteDefinition matched: auth-service
2026-07-04T11:26:20.497+05:30 DEBUG 8180 --- [API-GATEWAY] [reshExecutor-%d] o.s.c.g.r.RouteDefinitionRouteLocator    : RouteDefinition tweet-service applying {_genkey_0=/api/tweets/**} to Path
2026-07-04T11:26:20.502+05:30 DEBUG 8180 --- [API-GATEWAY] [reshExecutor-%d] o.s.c.g.r.RouteDefinitionRouteLocator    : RouteDefinition matched: tweet-service
2026-07-04T11:26:20.503+05:30 DEBUG 8180 --- [API-GATEWAY] [reshExecutor-%d] o.s.c.g.r.RouteDefinitionRouteLocator    : RouteDefinition social-service applying {_genkey_0=/api/bookmarks/**, _genkey_1=/api/feed/**, _genkey_2=/api/follows/**, _genkey_3=/api/likes/**, _genkey_4=/api/replies/**, _genkey_5=/api/retweets/**, _genkey_6=/api/profile/**, _genkey_7=/social} to Path
2026-07-04T11:26:20.507+05:30 DEBUG 8180 --- [API-GATEWAY] [reshExecutor-%d] o.s.c.g.r.RouteDefinitionRouteLocator    : RouteDefinition matched: social-service
2026-07-04T11:26:20.508+05:30 DEBUG 8180 --- [API-GATEWAY] [reshExecutor-%d] o.s.c.g.r.RouteDefinitionRouteLocator    : RouteDefinition notification-service applying {_genkey_0=/api/notification/**} to Path
2026-07-04T11:26:20.514+05:30 DEBUG 8180 --- [API-GATEWAY] [reshExecutor-%d] o.s.c.g.r.RouteDefinitionRouteLocator    : RouteDefinition matched: notification-service
2026-07-04T11:26:20.515+05:30 DEBUG 8180 --- [API-GATEWAY] [reshExecutor-%d] o.s.c.g.r.RouteDefinitionRouteLocator    : RouteDefinition notification-websocket applying {_genkey_0=/ws/notifications**} to Path
2026-07-04T11:26:20.520+05:30 DEBUG 8180 --- [API-GATEWAY] [reshExecutor-%d] o.s.c.g.r.RouteDefinitionRouteLocator    : RouteDefinition matched: notification-websocket
2026-07-04T11:26:20.520+05:30 DEBUG 8180 --- [API-GATEWAY] [reshExecutor-%d] o.s.c.g.r.RouteDefinitionRouteLocator    : RouteDefinition media-service applying {_genkey_0=/media/**} to Path
2026-07-04T11:26:20.524+05:30 DEBUG 8180 --- [API-GATEWAY] [reshExecutor-%d] o.s.c.g.r.RouteDefinitionRouteLocator    : RouteDefinition matched: media-service
2026-07-04T11:26:20.525+05:30 DEBUG 8180 --- [API-GATEWAY] [reshExecutor-%d] o.s.c.g.r.RouteDefinitionRouteLocator    : RouteDefinition chat-service-rest applying {_genkey_0=/chat-service/api/**} to Path
2026-07-04T11:26:20.528+05:30 DEBUG 8180 --- [API-GATEWAY] [reshExecutor-%d] o.s.c.g.r.RouteDefinitionRouteLocator    : RouteDefinition chat-service-rest applying filter {_genkey_0=1} to StripPrefix
2026-07-04T11:26:20.532+05:30 DEBUG 8180 --- [API-GATEWAY] [reshExecutor-%d] o.s.c.g.r.RouteDefinitionRouteLocator    : RouteDefinition matched: chat-service-rest
2026-07-04T11:26:20.532+05:30 DEBUG 8180 --- [API-GATEWAY] [reshExecutor-%d] o.s.c.g.r.RouteDefinitionRouteLocator    : RouteDefinition chat-service-websocket applying {_genkey_0=/chat-service/ws/**} to Path
2026-07-04T11:26:20.536+05:30 DEBUG 8180 --- [API-GATEWAY] [reshExecutor-%d] o.s.c.g.r.RouteDefinitionRouteLocator    : RouteDefinition chat-service-websocket applying filter {_genkey_0=1} to StripPrefix
2026-07-04T11:26:20.539+05:30 DEBUG 8180 --- [API-GATEWAY] [reshExecutor-%d] o.s.c.g.r.RouteDefinitionRouteLocator    : RouteDefinition matched: chat-service-websocket
2026-07-04T11:26:50.584+05:30 DEBUG 8180 --- [API-GATEWAY] [reshExecutor-%d] o.s.c.g.r.RouteDefinitionRouteLocator    : RouteDefinition auth-service applying {_genkey_0=/api/auth/**, _genkey_1=/api/admin/**, _genkey_2=/api/internal/**, _genkey_3=/api/test/**} to Path
2026-07-04T11:26:50.593+05:30 DEBUG 8180 --- [API-GATEWAY] [reshExecutor-%d] o.s.c.g.r.RouteDefinitionRouteLocator    : RouteDefinition matched: auth-service
2026-07-04T11:26:50.594+05:30 DEBUG 8180 --- [API-GATEWAY] [reshExecutor-%d] o.s.c.g.r.RouteDefinitionRouteLocator    : RouteDefinition tweet-service applying {_genkey_0=/api/tweets/**} to Path
2026-07-04T11:26:50.596+05:30 DEBUG 8180 --- [API-GATEWAY] [reshExecutor-%d] o.s.c.g.r.RouteDefinitionRouteLocator    : RouteDefinition matched: tweet-service
2026-07-04T11:26:50.596+05:30 DEBUG 8180 --- [API-GATEWAY] [reshExecutor-%d] o.s.c.g.r.RouteDefinitionRouteLocator    : RouteDefinition social-service applying {_genkey_0=/api/bookmarks/**, _genkey_1=/api/feed/**, _genkey_2=/api/follows/**, _genkey_3=/api/likes/**, _genkey_4=/api/replies/**, _genkey_5=/api/retweets/**, _genkey_6=/api/profile/**, _genkey_7=/social} to Path
2026-07-04T11:26:50.599+05:30 DEBUG 8180 --- [API-GATEWAY] [reshExecutor-%d] o.s.c.g.r.RouteDefinitionRouteLocator    : RouteDefinition matched: social-service
2026-07-04T11:26:50.600+05:30 DEBUG 8180 --- [API-GATEWAY] [reshExecutor-%d] o.s.c.g.r.RouteDefinitionRouteLocator    : RouteDefinition notification-service applying {_genkey_0=/api/notification/**} to Path
2026-07-04T11:26:50.603+05:30 DEBUG 8180 --- [API-GATEWAY] [reshExecutor-%d] o.s.c.g.r.RouteDefinitionRouteLocator    : RouteDefinition matched: notification-service
2026-07-04T11:26:50.603+05:30 DEBUG 8180 --- [API-GATEWAY] [reshExecutor-%d] o.s.c.g.r.RouteDefinitionRouteLocator    : RouteDefinition notification-websocket applying {_genkey_0=/ws/notifications**} to Path
2026-07-04T11:26:50.606+05:30 DEBUG 8180 --- [API-GATEWAY] [reshExecutor-%d] o.s.c.g.r.RouteDefinitionRouteLocator    : RouteDefinition matched: notification-websocket
2026-07-04T11:26:50.607+05:30 DEBUG 8180 --- [API-GATEWAY] [reshExecutor-%d] o.s.c.g.r.RouteDefinitionRouteLocator    : RouteDefinition media-service applying {_genkey_0=/media/**} to Path
2026-07-04T11:26:50.609+05:30 DEBUG 8180 --- [API-GATEWAY] [reshExecutor-%d] o.s.c.g.r.RouteDefinitionRouteLocator    : RouteDefinition matched: media-service
2026-07-04T11:26:50.609+05:30 DEBUG 8180 --- [API-GATEWAY] [reshExecutor-%d] o.s.c.g.r.RouteDefinitionRouteLocator    : RouteDefinition chat-service-rest applying {_genkey_0=/chat-service/api/**} to Path
2026-07-04T11:26:50.612+05:30 DEBUG 8180 --- [API-GATEWAY] [reshExecutor-%d] o.s.c.g.r.RouteDefinitionRouteLocator    : RouteDefinition chat-service-rest applying filter {_genkey_0=1} to StripPrefix
2026-07-04T11:26:50.615+05:30 DEBUG 8180 --- [API-GATEWAY] [reshExecutor-%d] o.s.c.g.r.RouteDefinitionRouteLocator    : RouteDefinition matched: chat-service-rest
2026-07-04T11:26:50.615+05:30 DEBUG 8180 --- [API-GATEWAY] [reshExecutor-%d] o.s.c.g.r.RouteDefinitionRouteLocator    : RouteDefinition chat-service-websocket applying {_genkey_0=/chat-service/ws/**} to Path
2026-07-04T11:26:50.618+05:30 DEBUG 8180 --- [API-GATEWAY] [reshExecutor-%d] o.s.c.g.r.RouteDefinitionRouteLocator    : RouteDefinition chat-service-websocket applying filter {_genkey_0=1} to StripPrefix
2026-07-04T11:26:50.620+05:30 DEBUG 8180 --- [API-GATEWAY] [reshExecutor-%d] o.s.c.g.r.RouteDefinitionRouteLocator    : RouteDefinition matched: chat-service-websocket
2026-07-04T11:27:20.644+05:30 DEBUG 8180 --- [API-GATEWAY] [reshExecutor-%d] o.s.c.g.r.RouteDefinitionRouteLocator    : RouteDefinition auth-service applying {_genkey_0=/api/auth/**, _genkey_1=/api/admin/**, _genkey_2=/api/internal/**, _genkey_3=/api/test/**} to Path
2026-07-04T11:27:20.648+05:30 DEBUG 8180 --- [API-GATEWAY] [reshExecutor-%d] o.s.c.g.r.RouteDefinitionRouteLocator    : RouteDefinition matched: auth-service
2026-07-04T11:27:20.648+05:30 DEBUG 8180 --- [API-GATEWAY] [reshExecutor-%d] o.s.c.g.r.RouteDefinitionRouteLocator    : RouteDefinition tweet-service applying {_genkey_0=/api/tweets/**} to Path
2026-07-04T11:27:20.652+05:30 DEBUG 8180 --- [API-GATEWAY] [reshExecutor-%d] o.s.c.g.r.RouteDefinitionRouteLocator    : RouteDefinition matched: tweet-service
2026-07-04T11:27:20.652+05:30 DEBUG 8180 --- [API-GATEWAY] [reshExecutor-%d] o.s.c.g.r.RouteDefinitionRouteLocator    : RouteDefinition social-service applying {_genkey_0=/api/bookmarks/**, _genkey_1=/api/feed/**, _genkey_2=/api/follows/**, _genkey_3=/api/likes/**, _genkey_4=/api/replies/**, _genkey_5=/api/retweets/**, _genkey_6=/api/profile/**, _genkey_7=/social} to Path
2026-07-04T11:27:20.656+05:30 DEBUG 8180 --- [API-GATEWAY] [reshExecutor-%d] o.s.c.g.r.RouteDefinitionRouteLocator    : RouteDefinition matched: social-service
2026-07-04T11:27:20.656+05:30 DEBUG 8180 --- [API-GATEWAY] [reshExecutor-%d] o.s.c.g.r.RouteDefinitionRouteLocator    : RouteDefinition notification-service applying {_genkey_0=/api/notification/**} to Path
2026-07-04T11:27:20.659+05:30 DEBUG 8180 --- [API-GATEWAY] [reshExecutor-%d] o.s.c.g.r.RouteDefinitionRouteLocator    : RouteDefinition matched: notification-service
2026-07-04T11:27:20.659+05:30 DEBUG 8180 --- [API-GATEWAY] [reshExecutor-%d] o.s.c.g.r.RouteDefinitionRouteLocator    : RouteDefinition notification-websocket applying {_genkey_0=/ws/notifications**} to Path
2026-07-04T11:27:20.661+05:30 DEBUG 8180 --- [API-GATEWAY] [reshExecutor-%d] o.s.c.g.r.RouteDefinitionRouteLocator    : RouteDefinition matched: notification-websocket
2026-07-04T11:27:20.662+05:30 DEBUG 8180 --- [API-GATEWAY] [reshExecutor-%d] o.s.c.g.r.RouteDefinitionRouteLocator    : RouteDefinition media-service applying {_genkey_0=/media/**} to Path
2026-07-04T11:27:20.664+05:30 DEBUG 8180 --- [API-GATEWAY] [reshExecutor-%d] o.s.c.g.r.RouteDefinitionRouteLocator    : RouteDefinition matched: media-service
2026-07-04T11:27:20.664+05:30 DEBUG 8180 --- [API-GATEWAY] [reshExecutor-%d] o.s.c.g.r.RouteDefinitionRouteLocator    : RouteDefinition chat-service-rest applying {_genkey_0=/chat-service/api/**} to Path
2026-07-04T11:27:20.667+05:30 DEBUG 8180 --- [API-GATEWAY] [reshExecutor-%d] o.s.c.g.r.RouteDefinitionRouteLocator    : RouteDefinition chat-service-rest applying filter {_genkey_0=1} to StripPrefix
2026-07-04T11:27:20.670+05:30 DEBUG 8180 --- [API-GATEWAY] [reshExecutor-%d] o.s.c.g.r.RouteDefinitionRouteLocator    : RouteDefinition matched: chat-service-rest
2026-07-04T11:27:20.670+05:30 DEBUG 8180 --- [API-GATEWAY] [reshExecutor-%d] o.s.c.g.r.RouteDefinitionRouteLocator    : RouteDefinition chat-service-websocket applying {_genkey_0=/chat-service/ws/**} to Path
2026-07-04T11:27:20.672+05:30 DEBUG 8180 --- [API-GATEWAY] [reshExecutor-%d] o.s.c.g.r.RouteDefinitionRouteLocator    : RouteDefinition chat-service-websocket applying filter {_genkey_0=1} to StripPrefix
2026-07-04T11:27:20.674+05:30 DEBUG 8180 --- [API-GATEWAY] [reshExecutor-%d] o.s.c.g.r.RouteDefinitionRouteLocator    : RouteDefinition matched: chat-service-websocket
2026-07-04T11:27:50.694+05:30 DEBUG 8180 --- [API-GATEWAY] [reshExecutor-%d] o.s.c.g.r.RouteDefinitionRouteLocator    : RouteDefinition auth-service applying {_genkey_0=/api/auth/**, _genkey_1=/api/admin/**, _genkey_2=/api/internal/**, _genkey_3=/api/test/**} to Path
2026-07-04T11:27:50.697+05:30 DEBUG 8180 --- [API-GATEWAY] [reshExecutor-%d] o.s.c.g.r.RouteDefinitionRouteLocator    : RouteDefinition matched: auth-service
2026-07-04T11:27:50.697+05:30 DEBUG 8180 --- [API-GATEWAY] [reshExecutor-%d] o.s.c.g.r.RouteDefinitionRouteLocator    : RouteDefinition tweet-service applying {_genkey_0=/api/tweets/**} to Path
2026-07-04T11:27:50.699+05:30 DEBUG 8180 --- [API-GATEWAY] [reshExecutor-%d] o.s.c.g.r.RouteDefinitionRouteLocator    : RouteDefinition matched: tweet-service
2026-07-04T11:27:50.700+05:30 DEBUG 8180 --- [API-GATEWAY] [reshExecutor-%d] o.s.c.g.r.RouteDefinitionRouteLocator    : RouteDefinition social-service applying {_genkey_0=/api/bookmarks/**, _genkey_1=/api/feed/**, _genkey_2=/api/follows/**, _genkey_3=/api/likes/**, _genkey_4=/api/replies/**, _genkey_5=/api/retweets/**, _genkey_6=/api/profile/**, _genkey_7=/social} to Path
2026-07-04T11:27:50.702+05:30 DEBUG 8180 --- [API-GATEWAY] [reshExecutor-%d] o.s.c.g.r.RouteDefinitionRouteLocator    : RouteDefinition matched: social-service
2026-07-04T11:27:50.702+05:30 DEBUG 8180 --- [API-GATEWAY] [reshExecutor-%d] o.s.c.g.r.RouteDefinitionRouteLocator    : RouteDefinition notification-service applying {_genkey_0=/api/notification/**} to Path
2026-07-04T11:27:50.704+05:30 DEBUG 8180 --- [API-GATEWAY] [reshExecutor-%d] o.s.c.g.r.RouteDefinitionRouteLocator    : RouteDefinition matched: notification-service
2026-07-04T11:27:50.705+05:30 DEBUG 8180 --- [API-GATEWAY] [reshExecutor-%d] o.s.c.g.r.RouteDefinitionRouteLocator    : RouteDefinition notification-websocket applying {_genkey_0=/ws/notifications**} to Path
2026-07-04T11:27:50.707+05:30 DEBUG 8180 --- [API-GATEWAY] [reshExecutor-%d] o.s.c.g.r.RouteDefinitionRouteLocator    : RouteDefinition matched: notification-websocket
2026-07-04T11:27:50.707+05:30 DEBUG 8180 --- [API-GATEWAY] [reshExecutor-%d] o.s.c.g.r.RouteDefinitionRouteLocator    : RouteDefinition media-service applying {_genkey_0=/media/**} to Path
2026-07-04T11:27:50.709+05:30 DEBUG 8180 --- [API-GATEWAY] [reshExecutor-%d] o.s.c.g.r.RouteDefinitionRouteLocator    : RouteDefinition matched: media-service
2026-07-04T11:27:50.709+05:30 DEBUG 8180 --- [API-GATEWAY] [reshExecutor-%d] o.s.c.g.r.RouteDefinitionRouteLocator    : RouteDefinition chat-service-rest applying {_genkey_0=/chat-service/api/**} to Path
2026-07-04T11:27:50.711+05:30 DEBUG 8180 --- [API-GATEWAY] [reshExecutor-%d] o.s.c.g.r.RouteDefinitionRouteLocator    : RouteDefinition chat-service-rest applying filter {_genkey_0=1} to StripPrefix
2026-07-04T11:27:50.713+05:30 DEBUG 8180 --- [API-GATEWAY] [reshExecutor-%d] o.s.c.g.r.RouteDefinitionRouteLocator    : RouteDefinition matched: chat-service-rest
2026-07-04T11:27:50.713+05:30 DEBUG 8180 --- [API-GATEWAY] [reshExecutor-%d] o.s.c.g.r.RouteDefinitionRouteLocator    : RouteDefinition chat-service-websocket applying {_genkey_0=/chat-service/ws/**} to Path
2026-07-04T11:27:50.715+05:30 DEBUG 8180 --- [API-GATEWAY] [reshExecutor-%d] o.s.c.g.r.RouteDefinitionRouteLocator    : RouteDefinition chat-service-websocket applying filter {_genkey_0=1} to StripPrefix
2026-07-04T11:27:50.717+05:30 DEBUG 8180 --- [API-GATEWAY] [reshExecutor-%d] o.s.c.g.r.RouteDefinitionRouteLocator    : RouteDefinition matched: chat-service-websocket
2026-07-04T11:28:20.735+05:30 DEBUG 8180 --- [API-GATEWAY] [reshExecutor-%d] o.s.c.g.r.RouteDefinitionRouteLocator    : RouteDefinition auth-service applying {_genkey_0=/api/auth/**, _genkey_1=/api/admin/**, _genkey_2=/api/internal/**, _genkey_3=/api/test/**} to Path
2026-07-04T11:28:20.737+05:30 DEBUG 8180 --- [API-GATEWAY] [reshExecutor-%d] o.s.c.g.r.RouteDefinitionRouteLocator    : RouteDefinition matched: auth-service
2026-07-04T11:28:20.738+05:30 DEBUG 8180 --- [API-GATEWAY] [reshExecutor-%d] o.s.c.g.r.RouteDefinitionRouteLocator    : RouteDefinition tweet-service applying {_genkey_0=/api/tweets/**} to Path
2026-07-04T11:28:20.740+05:30 DEBUG 8180 --- [API-GATEWAY] [reshExecutor-%d] o.s.c.g.r.RouteDefinitionRouteLocator    : RouteDefinition matched: tweet-service
2026-07-04T11:28:20.741+05:30 DEBUG 8180 --- [API-GATEWAY] [reshExecutor-%d] o.s.c.g.r.RouteDefinitionRouteLocator    : RouteDefinition social-service applying {_genkey_0=/api/bookmarks/**, _genkey_1=/api/feed/**, _genkey_2=/api/follows/**, _genkey_3=/api/likes/**, _genkey_4=/api/replies/**, _genkey_5=/api/retweets/**, _genkey_6=/api/profile/**, _genkey_7=/social} to Path
2026-07-04T11:28:20.744+05:30 DEBUG 8180 --- [API-GATEWAY] [reshExecutor-%d] o.s.c.g.r.RouteDefinitionRouteLocator    : RouteDefinition matched: social-service
2026-07-04T11:28:20.744+05:30 DEBUG 8180 --- [API-GATEWAY] [reshExecutor-%d] o.s.c.g.r.RouteDefinitionRouteLocator    : RouteDefinition notification-service applying {_genkey_0=/api/notification/**} to Path
2026-07-04T11:28:20.746+05:30 DEBUG 8180 --- [API-GATEWAY] [reshExecutor-%d] o.s.c.g.r.RouteDefinitionRouteLocator    : RouteDefinition matched: notification-service
2026-07-04T11:28:20.746+05:30 DEBUG 8180 --- [API-GATEWAY] [reshExecutor-%d] o.s.c.g.r.RouteDefinitionRouteLocator    : RouteDefinition notification-websocket applying {_genkey_0=/ws/notifications**} to Path
2026-07-04T11:28:20.748+05:30 DEBUG 8180 --- [API-GATEWAY] [reshExecutor-%d] o.s.c.g.r.RouteDefinitionRouteLocator    : RouteDefinition matched: notification-websocket
2026-07-04T11:28:20.748+05:30 DEBUG 8180 --- [API-GATEWAY] [reshExecutor-%d] o.s.c.g.r.RouteDefinitionRouteLocator    : RouteDefinition media-service applying {_genkey_0=/media/**} to Path
2026-07-04T11:28:20.750+05:30 DEBUG 8180 --- [API-GATEWAY] [reshExecutor-%d] o.s.c.g.r.RouteDefinitionRouteLocator    : RouteDefinition matched: media-service
2026-07-04T11:28:20.750+05:30 DEBUG 8180 --- [API-GATEWAY] [reshExecutor-%d] o.s.c.g.r.RouteDefinitionRouteLocator    : RouteDefinition chat-service-rest applying {_genkey_0=/chat-service/api/**} to Path
2026-07-04T11:28:20.752+05:30 DEBUG 8180 --- [API-GATEWAY] [reshExecutor-%d] o.s.c.g.r.RouteDefinitionRouteLocator    : RouteDefinition chat-service-rest applying filter {_genkey_0=1} to StripPrefix
2026-07-04T11:28:20.754+05:30 DEBUG 8180 --- [API-GATEWAY] [reshExecutor-%d] o.s.c.g.r.RouteDefinitionRouteLocator    : RouteDefinition matched: chat-service-rest
2026-07-04T11:28:20.754+05:30 DEBUG 8180 --- [API-GATEWAY] [reshExecutor-%d] o.s.c.g.r.RouteDefinitionRouteLocator    : RouteDefinition chat-service-websocket applying {_genkey_0=/chat-service/ws/**} to Path
2026-07-04T11:28:20.756+05:30 DEBUG 8180 --- [API-GATEWAY] [reshExecutor-%d] o.s.c.g.r.RouteDefinitionRouteLocator    : RouteDefinition chat-service-websocket applying filter {_genkey_0=1} to StripPrefix
2026-07-04T11:28:20.758+05:30 DEBUG 8180 --- [API-GATEWAY] [reshExecutor-%d] o.s.c.g.r.RouteDefinitionRouteLocator    : RouteDefinition matched: chat-service-websocket
2026-07-04T11:28:50.777+05:30 DEBUG 8180 --- [API-GATEWAY] [reshExecutor-%d] o.s.c.g.r.RouteDefinitionRouteLocator    : RouteDefinition auth-service applying {_genkey_0=/api/auth/**, _genkey_1=/api/admin/**, _genkey_2=/api/internal/**, _genkey_3=/api/test/**} to Path
2026-07-04T11:28:50.782+05:30 DEBUG 8180 --- [API-GATEWAY] [reshExecutor-%d] o.s.c.g.r.RouteDefinitionRouteLocator    : RouteDefinition matched: auth-service
2026-07-04T11:28:50.782+05:30 DEBUG 8180 --- [API-GATEWAY] [reshExecutor-%d] o.s.c.g.r.RouteDefinitionRouteLocator    : RouteDefinition tweet-service applying {_genkey_0=/api/tweets/**} to Path
2026-07-04T11:28:50.785+05:30 DEBUG 8180 --- [API-GATEWAY] [reshExecutor-%d] o.s.c.g.r.RouteDefinitionRouteLocator    : RouteDefinition matched: tweet-service
2026-07-04T11:28:50.785+05:30 DEBUG 8180 --- [API-GATEWAY] [reshExecutor-%d] o.s.c.g.r.RouteDefinitionRouteLocator    : RouteDefinition social-service applying {_genkey_0=/api/bookmarks/**, _genkey_1=/api/feed/**, _genkey_2=/api/follows/**, _genkey_3=/api/likes/**, _genkey_4=/api/replies/**, _genkey_5=/api/retweets/**, _genkey_6=/api/profile/**, _genkey_7=/social} to Path
2026-07-04T11:28:50.787+05:30 DEBUG 8180 --- [API-GATEWAY] [reshExecutor-%d] o.s.c.g.r.RouteDefinitionRouteLocator    : RouteDefinition matched: social-service
2026-07-04T11:28:50.788+05:30 DEBUG 8180 --- [API-GATEWAY] [reshExecutor-%d] o.s.c.g.r.RouteDefinitionRouteLocator    : RouteDefinition notification-service applying {_genkey_0=/api/notification/**} to Path
2026-07-04T11:28:50.790+05:30 DEBUG 8180 --- [API-GATEWAY] [reshExecutor-%d] o.s.c.g.r.RouteDefinitionRouteLocator    : RouteDefinition matched: notification-service
2026-07-04T11:28:50.791+05:30 DEBUG 8180 --- [API-GATEWAY] [reshExecutor-%d] o.s.c.g.r.RouteDefinitionRouteLocator    : RouteDefinition notification-websocket applying {_genkey_0=/ws/notifications**} to Path
2026-07-04T11:28:50.793+05:30 DEBUG 8180 --- [API-GATEWAY] [reshExecutor-%d] o.s.c.g.r.RouteDefinitionRouteLocator    : RouteDefinition matched: notification-websocket
2026-07-04T11:28:50.794+05:30 DEBUG 8180 --- [API-GATEWAY] [reshExecutor-%d] o.s.c.g.r.RouteDefinitionRouteLocator    : RouteDefinition media-service applying {_genkey_0=/media/**} to Path
2026-07-04T11:28:50.796+05:30 DEBUG 8180 --- [API-GATEWAY] [reshExecutor-%d] o.s.c.g.r.RouteDefinitionRouteLocator    : RouteDefinition matched: media-service
2026-07-04T11:28:50.796+05:30 DEBUG 8180 --- [API-GATEWAY] [reshExecutor-%d] o.s.c.g.r.RouteDefinitionRouteLocator    : RouteDefinition chat-service-rest applying {_genkey_0=/chat-service/api/**} to Path
2026-07-04T11:28:50.798+05:30 DEBUG 8180 --- [API-GATEWAY] [reshExecutor-%d] o.s.c.g.r.RouteDefinitionRouteLocator    : RouteDefinition chat-service-rest applying filter {_genkey_0=1} to StripPrefix
2026-07-04T11:28:50.801+05:30 DEBUG 8180 --- [API-GATEWAY] [reshExecutor-%d] o.s.c.g.r.RouteDefinitionRouteLocator    : RouteDefinition matched: chat-service-rest
2026-07-04T11:28:50.801+05:30 DEBUG 8180 --- [API-GATEWAY] [reshExecutor-%d] o.s.c.g.r.RouteDefinitionRouteLocator    : RouteDefinition chat-service-websocket applying {_genkey_0=/chat-service/ws/**} to Path
2026-07-04T11:28:50.803+05:30 DEBUG 8180 --- [API-GATEWAY] [reshExecutor-%d] o.s.c.g.r.RouteDefinitionRouteLocator    : RouteDefinition chat-service-websocket applying filter {_genkey_0=1} to StripPrefix
2026-07-04T11:28:50.808+05:30 DEBUG 8180 --- [API-GATEWAY] [reshExecutor-%d] o.s.c.g.r.RouteDefinitionRouteLocator    : RouteDefinition matched: chat-service-websocket
2026-07-04T11:29:20.830+05:30 DEBUG 8180 --- [API-GATEWAY] [reshExecutor-%d] o.s.c.g.r.RouteDefinitionRouteLocator    : RouteDefinition auth-service applying {_genkey_0=/api/auth/**, _genkey_1=/api/admin/**, _genkey_2=/api/internal/**, _genkey_3=/api/test/**} to Path
2026-07-04T11:29:20.832+05:30 DEBUG 8180 --- [API-GATEWAY] [reshExecutor-%d] o.s.c.g.r.RouteDefinitionRouteLocator    : RouteDefinition matched: auth-service
2026-07-04T11:29:20.833+05:30 DEBUG 8180 --- [API-GATEWAY] [reshExecutor-%d] o.s.c.g.r.RouteDefinitionRouteLocator    : RouteDefinition tweet-service applying {_genkey_0=/api/tweets/**} to Path
2026-07-04T11:29:20.835+05:30 DEBUG 8180 --- [API-GATEWAY] [reshExecutor-%d] o.s.c.g.r.RouteDefinitionRouteLocator    : RouteDefinition matched: tweet-service
2026-07-04T11:29:20.836+05:30 DEBUG 8180 --- [API-GATEWAY] [reshExecutor-%d] o.s.c.g.r.RouteDefinitionRouteLocator    : RouteDefinition social-service applying {_genkey_0=/api/bookmarks/**, _genkey_1=/api/feed/**, _genkey_2=/api/follows/**, _genkey_3=/api/likes/**, _genkey_4=/api/replies/**, _genkey_5=/api/retweets/**, _genkey_6=/api/profile/**, _genkey_7=/social} to Path
2026-07-04T11:29:20.838+05:30 DEBUG 8180 --- [API-GATEWAY] [reshExecutor-%d] o.s.c.g.r.RouteDefinitionRouteLocator    : RouteDefinition matched: social-service
2026-07-04T11:29:20.838+05:30 DEBUG 8180 --- [API-GATEWAY] [reshExecutor-%d] o.s.c.g.r.RouteDefinitionRouteLocator    : RouteDefinition notification-service applying {_genkey_0=/api/notification/**} to Path
2026-07-04T11:29:20.839+05:30 DEBUG 8180 --- [API-GATEWAY] [reshExecutor-%d] o.s.c.g.r.RouteDefinitionRouteLocator    : RouteDefinition matched: notification-service
2026-07-04T11:29:20.840+05:30 DEBUG 8180 --- [API-GATEWAY] [reshExecutor-%d] o.s.c.g.r.RouteDefinitionRouteLocator    : RouteDefinition notification-websocket applying {_genkey_0=/ws/notifications**} to Path
2026-07-04T11:29:20.842+05:30 DEBUG 8180 --- [API-GATEWAY] [reshExecutor-%d] o.s.c.g.r.RouteDefinitionRouteLocator    : RouteDefinition matched: notification-websocket
2026-07-04T11:29:20.843+05:30 DEBUG 8180 --- [API-GATEWAY] [reshExecutor-%d] o.s.c.g.r.RouteDefinitionRouteLocator    : RouteDefinition media-service applying {_genkey_0=/media/**} to Path
2026-07-04T11:29:20.845+05:30 DEBUG 8180 --- [API-GATEWAY] [reshExecutor-%d] o.s.c.g.r.RouteDefinitionRouteLocator    : RouteDefinition matched: media-service
2026-07-04T11:29:20.845+05:30 DEBUG 8180 --- [API-GATEWAY] [reshExecutor-%d] o.s.c.g.r.RouteDefinitionRouteLocator    : RouteDefinition chat-service-rest applying {_genkey_0=/chat-service/api/**} to Path
2026-07-04T11:29:20.847+05:30 DEBUG 8180 --- [API-GATEWAY] [reshExecutor-%d] o.s.c.g.r.RouteDefinitionRouteLocator    : RouteDefinition chat-service-rest applying filter {_genkey_0=1} to StripPrefix
2026-07-04T11:29:20.849+05:30 DEBUG 8180 --- [API-GATEWAY] [reshExecutor-%d] o.s.c.g.r.RouteDefinitionRouteLocator    : RouteDefinition matched: chat-service-rest
2026-07-04T11:29:20.850+05:30 DEBUG 8180 --- [API-GATEWAY] [reshExecutor-%d] o.s.c.g.r.RouteDefinitionRouteLocator    : RouteDefinition chat-service-websocket applying {_genkey_0=/chat-service/ws/**} to Path
2026-07-04T11:29:20.852+05:30 DEBUG 8180 --- [API-GATEWAY] [reshExecutor-%d] o.s.c.g.r.RouteDefinitionRouteLocator    : RouteDefinition chat-service-websocket applying filter {_genkey_0=1} to StripPrefix
2026-07-04T11:29:20.853+05:30 DEBUG 8180 --- [API-GATEWAY] [reshExecutor-%d] o.s.c.g.r.RouteDefinitionRouteLocator    : RouteDefinition matched: chat-service-websocket
2026-07-04T11:29:50.868+05:30 DEBUG 8180 --- [API-GATEWAY] [reshExecutor-%d] o.s.c.g.r.RouteDefinitionRouteLocator    : RouteDefinition auth-service applying {_genkey_0=/api/auth/**, _genkey_1=/api/admin/**, _genkey_2=/api/internal/**, _genkey_3=/api/test/**} to Path
2026-07-04T11:29:50.870+05:30 DEBUG 8180 --- [API-GATEWAY] [reshExecutor-%d] o.s.c.g.r.RouteDefinitionRouteLocator    : RouteDefinition matched: auth-service
2026-07-04T11:29:50.871+05:30 DEBUG 8180 --- [API-GATEWAY] [reshExecutor-%d] o.s.c.g.r.RouteDefinitionRouteLocator    : RouteDefinition tweet-service applying {_genkey_0=/api/tweets/**} to Path
2026-07-04T11:29:50.873+05:30 DEBUG 8180 --- [API-GATEWAY] [reshExecutor-%d] o.s.c.g.r.RouteDefinitionRouteLocator    : RouteDefinition matched: tweet-service
2026-07-04T11:29:50.873+05:30 DEBUG 8180 --- [API-GATEWAY] [reshExecutor-%d] o.s.c.g.r.RouteDefinitionRouteLocator    : RouteDefinition social-service applying {_genkey_0=/api/bookmarks/**, _genkey_1=/api/feed/**, _genkey_2=/api/follows/**, _genkey_3=/api/likes/**, _genkey_4=/api/replies/**, _genkey_5=/api/retweets/**, _genkey_6=/api/profile/**, _genkey_7=/social} to Path
2026-07-04T11:29:50.875+05:30 DEBUG 8180 --- [API-GATEWAY] [reshExecutor-%d] o.s.c.g.r.RouteDefinitionRouteLocator    : RouteDefinition matched: social-service
2026-07-04T11:29:50.875+05:30 DEBUG 8180 --- [API-GATEWAY] [reshExecutor-%d] o.s.c.g.r.RouteDefinitionRouteLocator    : RouteDefinition notification-service applying {_genkey_0=/api/notification/**} to Path
2026-07-04T11:29:50.877+05:30 DEBUG 8180 --- [API-GATEWAY] [reshExecutor-%d] o.s.c.g.r.RouteDefinitionRouteLocator    : RouteDefinition matched: notification-service
2026-07-04T11:29:50.877+05:30 DEBUG 8180 --- [API-GATEWAY] [reshExecutor-%d] o.s.c.g.r.RouteDefinitionRouteLocator    : RouteDefinition notification-websocket applying {_genkey_0=/ws/notifications**} to Path
2026-07-04T11:29:50.879+05:30 DEBUG 8180 --- [API-GATEWAY] [reshExecutor-%d] o.s.c.g.r.RouteDefinitionRouteLocator    : RouteDefinition matched: notification-websocket
2026-07-04T11:29:50.880+05:30 DEBUG 8180 --- [API-GATEWAY] [reshExecutor-%d] o.s.c.g.r.RouteDefinitionRouteLocator    : RouteDefinition media-service applying {_genkey_0=/media/**} to Path
2026-07-04T11:29:50.881+05:30 DEBUG 8180 --- [API-GATEWAY] [reshExecutor-%d] o.s.c.g.r.RouteDefinitionRouteLocator    : RouteDefinition matched: media-service
2026-07-04T11:29:50.882+05:30 DEBUG 8180 --- [API-GATEWAY] [reshExecutor-%d] o.s.c.g.r.RouteDefinitionRouteLocator    : RouteDefinition chat-service-rest applying {_genkey_0=/chat-service/api/**} to Path
2026-07-04T11:29:50.884+05:30 DEBUG 8180 --- [API-GATEWAY] [reshExecutor-%d] o.s.c.g.r.RouteDefinitionRouteLocator    : RouteDefinition chat-service-rest applying filter {_genkey_0=1} to StripPrefix
2026-07-04T11:29:50.885+05:30 DEBUG 8180 --- [API-GATEWAY] [reshExecutor-%d] o.s.c.g.r.RouteDefinitionRouteLocator    : RouteDefinition matched: chat-service-rest
2026-07-04T11:29:50.885+05:30 DEBUG 8180 --- [API-GATEWAY] [reshExecutor-%d] o.s.c.g.r.RouteDefinitionRouteLocator    : RouteDefinition chat-service-websocket applying {_genkey_0=/chat-service/ws/**} to Path
2026-07-04T11:29:50.887+05:30 DEBUG 8180 --- [API-GATEWAY] [reshExecutor-%d] o.s.c.g.r.RouteDefinitionRouteLocator    : RouteDefinition chat-service-websocket applying filter {_genkey_0=1} to StripPrefix
2026-07-04T11:29:50.889+05:30 DEBUG 8180 --- [API-GATEWAY] [reshExecutor-%d] o.s.c.g.r.RouteDefinitionRouteLocator    : RouteDefinition matched: chat-service-websocket
2026-07-04T11:30:00.488+05:30  INFO 8180 --- [API-GATEWAY] [ionShutdownHook] o.s.c.n.e.s.EurekaServiceRegistry        : Unregistering application API-GATEWAY with eureka with status DOWN
2026-07-04T11:30:00.490+05:30  INFO 8180 --- [API-GATEWAY] [ionShutdownHook] com.netflix.discovery.DiscoveryClient    : Saw local status change event StatusChangeEvent [timestamp=1783144800490, current=DOWN, previous=UP]
2026-07-04T11:30:00.494+05:30  INFO 8180 --- [API-GATEWAY] [foReplicator-%d] com.netflix.discovery.DiscoveryClient    : DiscoveryClient_API-GATEWAY/10.10.3.10:API-GATEWAY:8089: registering service...
2026-07-04T11:30:00.553+05:30  INFO 8180 --- [API-GATEWAY] [ionShutdownHook] o.s.boot.reactor.netty.GracefulShutdown  : Commencing graceful shutdown. Waiting for active requests to complete
2026-07-04T11:30:00.559+05:30  INFO 8180 --- [API-GATEWAY] [foReplicator-%d] com.netflix.discovery.DiscoveryClient    : DiscoveryClient_API-GATEWAY/10.10.3.10:API-GATEWAY:8089 - registration status: 204
2026-07-04T11:30:00.600+05:30  INFO 8180 --- [API-GATEWAY] [ netty-shutdown] o.s.boot.reactor.netty.GracefulShutdown  : Graceful shutdown complete
2026-07-04T11:30:00.752+05:30  INFO 8180 --- [API-GATEWAY] [ionShutdownHook] com.netflix.discovery.DiscoveryClient    : Shutting down DiscoveryClient ...
2026-07-04T11:30:03.753+05:30  INFO 8180 --- [API-GATEWAY] [ionShutdownHook] com.netflix.discovery.DiscoveryClient    : Unregistering ...
2026-07-04T11:30:03.766+05:30  INFO 8180 --- [API-GATEWAY] [ionShutdownHook] c.n.d.s.t.d.RedirectingEurekaHttpClient  : Request execution error. endpoint=DefaultEndpoint{ serviceUrl='http://localhost:8761/eureka/} exception=I/O error on DELETE request for "http://localhost:8761/eureka/apps/API-GATEWAY/10.10.3.10:API-GATEWAY:8089": Connect to http://localhost:8761 failed: Connection refused

org.springframework.web.client.ResourceAccessException: I/O error on DELETE request for "http://localhost:8761/eureka/apps/API-GATEWAY/10.10.3.10:API-GATEWAY:8089": Connect to http://localhost:8761 failed: Connection refused
	at org.springframework.web.client.DefaultRestClient$DefaultRequestBodyUriSpec.createResourceAccessException(DefaultRestClient.java:779) ~[spring-web-7.0.8.jar:7.0.8]
	at org.springframework.web.client.DefaultRestClient$DefaultRequestBodyUriSpec.exchangeInternal(DefaultRestClient.java:624) ~[spring-web-7.0.8.jar:7.0.8]
	at org.springframework.web.client.DefaultRestClient$DefaultRequestBodyUriSpec.exchange(DefaultRestClient.java:572) ~[spring-web-7.0.8.jar:7.0.8]
	at org.springframework.web.client.RestClient$RequestHeadersSpec.exchange(RestClient.java:747) ~[spring-web-7.0.8.jar:7.0.8]
	at org.springframework.web.client.DefaultRestClient$DefaultResponseSpec.executeAndExtract(DefaultRestClient.java:924) ~[spring-web-7.0.8.jar:7.0.8]
	at org.springframework.web.client.DefaultRestClient$DefaultResponseSpec.toBodilessEntity(DefaultRestClient.java:888) ~[spring-web-7.0.8.jar:7.0.8]
	at org.springframework.cloud.netflix.eureka.http.RestClientEurekaHttpClient.cancel(RestClientEurekaHttpClient.java:73) ~[spring-cloud-netflix-eureka-client-5.0.2.jar:5.0.2]
	at com.netflix.discovery.shared.transport.decorator.EurekaHttpClientDecorator$2.execute(EurekaHttpClientDecorator.java:74) ~[eureka-client-2.0.6.jar:2.0.6]
	at com.netflix.discovery.shared.transport.decorator.RedirectingEurekaHttpClient.execute(RedirectingEurekaHttpClient.java:90) ~[eureka-client-2.0.6.jar:2.0.6]
	at com.netflix.discovery.shared.transport.decorator.EurekaHttpClientDecorator.cancel(EurekaHttpClientDecorator.java:71) ~[eureka-client-2.0.6.jar:2.0.6]
	at com.netflix.discovery.shared.transport.decorator.EurekaHttpClientDecorator$2.execute(EurekaHttpClientDecorator.java:74) ~[eureka-client-2.0.6.jar:2.0.6]
	at com.netflix.discovery.shared.transport.decorator.RetryableEurekaHttpClient.execute(RetryableEurekaHttpClient.java:120) ~[eureka-client-2.0.6.jar:2.0.6]
	at com.netflix.discovery.shared.transport.decorator.EurekaHttpClientDecorator.cancel(EurekaHttpClientDecorator.java:71) ~[eureka-client-2.0.6.jar:2.0.6]
	at com.netflix.discovery.shared.transport.decorator.EurekaHttpClientDecorator$2.execute(EurekaHttpClientDecorator.java:74) ~[eureka-client-2.0.6.jar:2.0.6]
	at com.netflix.discovery.shared.transport.decorator.SessionedEurekaHttpClient.execute(SessionedEurekaHttpClient.java:76) ~[eureka-client-2.0.6.jar:2.0.6]
	at com.netflix.discovery.shared.transport.decorator.EurekaHttpClientDecorator.cancel(EurekaHttpClientDecorator.java:71) ~[eureka-client-2.0.6.jar:2.0.6]
	at com.netflix.discovery.DiscoveryClient.unregister(DiscoveryClient.java:934) ~[eureka-client-2.0.6.jar:2.0.6]
	at com.netflix.discovery.DiscoveryClient.shutdown(DiscoveryClient.java:915) ~[eureka-client-2.0.6.jar:2.0.6]
	at java.base/jdk.internal.reflect.NativeMethodAccessorImpl.invoke0(Native Method) ~[na:na]
	at java.base/jdk.internal.reflect.NativeMethodAccessorImpl.invoke(NativeMethodAccessorImpl.java:77) ~[na:na]
	at java.base/jdk.internal.reflect.DelegatingMethodAccessorImpl.invoke(DelegatingMethodAccessorImpl.java:43) ~[na:na]
	at java.base/java.lang.reflect.Method.invoke(Method.java:569) ~[na:na]
	at org.springframework.beans.factory.annotation.InitDestroyAnnotationBeanPostProcessor$LifecycleMethod.invoke(InitDestroyAnnotationBeanPostProcessor.java:453) ~[spring-beans-7.0.8.jar:7.0.8]
	at org.springframework.beans.factory.annotation.InitDestroyAnnotationBeanPostProcessor$LifecycleMetadata.invokeDestroyMethods(InitDestroyAnnotationBeanPostProcessor.java:411) ~[spring-beans-7.0.8.jar:7.0.8]
	at org.springframework.beans.factory.annotation.InitDestroyAnnotationBeanPostProcessor.postProcessBeforeDestruction(InitDestroyAnnotationBeanPostProcessor.java:237) ~[spring-beans-7.0.8.jar:7.0.8]
	at org.springframework.beans.factory.support.DisposableBeanAdapter.destroy(DisposableBeanAdapter.java:200) ~[spring-beans-7.0.8.jar:7.0.8]
	at org.springframework.beans.factory.support.DisposableBeanAdapter.run(DisposableBeanAdapter.java:193) ~[spring-beans-7.0.8.jar:7.0.8]
	at org.springframework.cloud.context.scope.GenericScope$BeanLifecycleWrapper.destroy(GenericScope.java:387) ~[spring-cloud-context-5.0.2.jar:5.0.2]
	at org.springframework.cloud.context.scope.GenericScope.destroy(GenericScope.java:134) ~[spring-cloud-context-5.0.2.jar:5.0.2]
	at org.springframework.beans.factory.support.DisposableBeanAdapter.destroy(DisposableBeanAdapter.java:209) ~[spring-beans-7.0.8.jar:7.0.8]
	at org.springframework.beans.factory.support.DefaultSingletonBeanRegistry.destroyBean(DefaultSingletonBeanRegistry.java:795) ~[spring-beans-7.0.8.jar:7.0.8]
	at org.springframework.beans.factory.support.DefaultSingletonBeanRegistry.destroySingleton(DefaultSingletonBeanRegistry.java:745) ~[spring-beans-7.0.8.jar:7.0.8]
	at org.springframework.beans.factory.support.DefaultListableBeanFactory.destroySingleton(DefaultListableBeanFactory.java:1507) ~[spring-beans-7.0.8.jar:7.0.8]
	at org.springframework.beans.factory.support.DefaultSingletonBeanRegistry.destroySingletons(DefaultSingletonBeanRegistry.java:704) ~[spring-beans-7.0.8.jar:7.0.8]
	at org.springframework.beans.factory.support.DefaultListableBeanFactory.destroySingletons(DefaultListableBeanFactory.java:1500) ~[spring-beans-7.0.8.jar:7.0.8]
	at org.springframework.context.support.AbstractApplicationContext.destroyBeans(AbstractApplicationContext.java:1246) ~[spring-context-7.0.8.jar:7.0.8]
	at org.springframework.context.support.AbstractApplicationContext.doClose(AbstractApplicationContext.java:1207) ~[spring-context-7.0.8.jar:7.0.8]
	at org.springframework.boot.web.server.reactive.context.ReactiveWebServerApplicationContext.doClose(ReactiveWebServerApplicationContext.java:158) ~[spring-boot-web-server-4.0.7.jar:4.0.7]
	at org.springframework.context.support.AbstractApplicationContext.close(AbstractApplicationContext.java:1153) ~[spring-context-7.0.8.jar:7.0.8]
	at org.springframework.boot.SpringApplicationShutdownHook.closeAndWait(SpringApplicationShutdownHook.java:147) ~[spring-boot-4.0.7.jar:4.0.7]
	at java.base/java.lang.Iterable.forEach(Iterable.java:75) ~[na:na]
	at org.springframework.boot.SpringApplicationShutdownHook.run(SpringApplicationShutdownHook.java:116) ~[spring-boot-4.0.7.jar:4.0.7]
	at java.base/java.lang.Thread.run(Thread.java:840) ~[na:na]
Caused by: org.apache.hc.client5.http.HttpHostConnectException: Connect to http://localhost:8761 failed: Connection refused
	at java.base/sun.nio.ch.Net.pollConnect(Native Method) ~[na:na]
	at java.base/sun.nio.ch.Net.pollConnectNow(Net.java:684) ~[na:na]
	at java.base/sun.nio.ch.NioSocketImpl.timedFinishConnect(NioSocketImpl.java:547) ~[na:na]
	at java.base/sun.nio.ch.NioSocketImpl.connect(NioSocketImpl.java:602) ~[na:na]
	at java.base/java.net.SocksSocketImpl.connect(SocksSocketImpl.java:327) ~[na:na]
	at java.base/java.net.Socket.connect(Socket.java:633) ~[na:na]
	at org.apache.hc.client5.http.impl.io.DefaultHttpClientConnectionOperator.connect(DefaultHttpClientConnectionOperator.java:226) ~[httpclient5-5.5.2.jar:5.5.2]
	at org.apache.hc.client5.http.impl.io.PoolingHttpClientConnectionManager.connect(PoolingHttpClientConnectionManager.java:497) ~[httpclient5-5.5.2.jar:5.5.2]
	at org.apache.hc.client5.http.impl.classic.InternalExecRuntime.connectEndpoint(InternalExecRuntime.java:164) ~[httpclient5-5.5.2.jar:5.5.2]
	at org.apache.hc.client5.http.impl.classic.InternalExecRuntime.connectEndpoint(InternalExecRuntime.java:174) ~[httpclient5-5.5.2.jar:5.5.2]
	at org.apache.hc.client5.http.impl.classic.ConnectExec.execute(ConnectExec.java:144) ~[httpclient5-5.5.2.jar:5.5.2]
	at org.apache.hc.client5.http.impl.classic.ExecChainElement.execute(ExecChainElement.java:51) ~[httpclient5-5.5.2.jar:5.5.2]
	at org.apache.hc.client5.http.impl.classic.ProtocolExec.execute(ProtocolExec.java:195) ~[httpclient5-5.5.2.jar:5.5.2]
	at org.apache.hc.client5.http.impl.classic.ExecChainElement.execute(ExecChainElement.java:51) ~[httpclient5-5.5.2.jar:5.5.2]
	at org.apache.hc.client5.http.impl.classic.ContentCompressionExec.execute(ContentCompressionExec.java:168) ~[httpclient5-5.5.2.jar:5.5.2]
	at org.apache.hc.client5.http.impl.classic.ExecChainElement.execute(ExecChainElement.java:51) ~[httpclient5-5.5.2.jar:5.5.2]
	at org.apache.hc.client5.http.impl.classic.HttpRequestRetryExec.execute(HttpRequestRetryExec.java:112) ~[httpclient5-5.5.2.jar:5.5.2]
	at org.apache.hc.client5.http.impl.classic.ExecChainElement.execute(ExecChainElement.java:51) ~[httpclient5-5.5.2.jar:5.5.2]
	at org.apache.hc.client5.http.impl.classic.RedirectExec.execute(RedirectExec.java:110) ~[httpclient5-5.5.2.jar:5.5.2]
	at org.apache.hc.client5.http.impl.classic.ExecChainElement.execute(ExecChainElement.java:51) ~[httpclient5-5.5.2.jar:5.5.2]
	at org.apache.hc.client5.http.impl.classic.InternalHttpClient.doExecute(InternalHttpClient.java:185) ~[httpclient5-5.5.2.jar:5.5.2]
	at org.apache.hc.client5.http.impl.classic.CloseableHttpClient.execute(CloseableHttpClient.java:87) ~[httpclient5-5.5.2.jar:5.5.2]
	at org.apache.hc.client5.http.impl.classic.CloseableHttpClient.execute(CloseableHttpClient.java:55) ~[httpclient5-5.5.2.jar:5.5.2]
	at org.apache.hc.client5.http.classic.HttpClient.executeOpen(HttpClient.java:183) ~[httpclient5-5.5.2.jar:5.5.2]
	at org.springframework.http.client.HttpComponentsClientHttpRequest.executeInternal(HttpComponentsClientHttpRequest.java:99) ~[spring-web-7.0.8.jar:7.0.8]
	at org.springframework.http.client.AbstractStreamingClientHttpRequest.executeInternal(AbstractStreamingClientHttpRequest.java:87) ~[spring-web-7.0.8.jar:7.0.8]
	at org.springframework.http.client.AbstractClientHttpRequest.execute(AbstractClientHttpRequest.java:80) ~[spring-web-7.0.8.jar:7.0.8]
	at org.springframework.http.client.AbstractBufferingClientHttpRequest.executeWithRequestAndBody(AbstractBufferingClientHttpRequest.java:89) ~[spring-web-7.0.8.jar:7.0.8]
	at org.springframework.http.client.InterceptingClientHttpRequest$EndOfChainRequestExecution.execute(InterceptingClientHttpRequest.java:102) ~[spring-web-7.0.8.jar:7.0.8]
	at org.springframework.cloud.netflix.eureka.http.RestClientTransportClientFactory.lambda$newClient$2(RestClientTransportClientFactory.java:98) ~[spring-cloud-netflix-eureka-client-5.0.2.jar:5.0.2]
	at org.springframework.http.client.ClientHttpRequestInterceptor.lambda$apply$0(ClientHttpRequestInterceptor.java:89) ~[spring-web-7.0.8.jar:7.0.8]
	at org.springframework.http.client.InterceptingClientHttpRequest.executeInternal(InterceptingClientHttpRequest.java:73) ~[spring-web-7.0.8.jar:7.0.8]
	at org.springframework.http.client.AbstractBufferingClientHttpRequest.executeInternal(AbstractBufferingClientHttpRequest.java:50) ~[spring-web-7.0.8.jar:7.0.8]
	at org.springframework.http.client.AbstractClientHttpRequest.execute(AbstractClientHttpRequest.java:80) ~[spring-web-7.0.8.jar:7.0.8]
	at org.springframework.web.client.DefaultRestClient$DefaultRequestBodyUriSpec.exchangeInternal(DefaultRestClient.java:614) ~[spring-web-7.0.8.jar:7.0.8]
	... 41 common frames omitted

2026-07-04T11:30:03.780+05:30  WARN 8180 --- [API-GATEWAY] [ionShutdownHook] c.n.d.s.t.d.RetryableEurekaHttpClient    : Request execution failed with message: I/O error on DELETE request for "http://localhost:8761/eureka/apps/API-GATEWAY/10.10.3.10:API-GATEWAY:8089": Connect to http://localhost:8761 failed: Connection refused
2026-07-04T11:30:03.795+05:30  INFO 8180 --- [API-GATEWAY] [ionShutdownHook] c.n.d.s.t.d.RedirectingEurekaHttpClient  : Request execution error. endpoint=DefaultEndpoint{ serviceUrl='http://localhost:8761/eureka/}, exception=I/O error on DELETE request for "http://localhost:8761/eureka/apps/API-GATEWAY/10.10.3.10:API-GATEWAY:8089": Connect to http://localhost:8761 failed: Connection refused

org.springframework.web.client.ResourceAccessException: I/O error on DELETE request for "http://localhost:8761/eureka/apps/API-GATEWAY/10.10.3.10:API-GATEWAY:8089": Connect to http://localhost:8761 failed: Connection refused
	at org.springframework.web.client.DefaultRestClient$DefaultRequestBodyUriSpec.createResourceAccessException(DefaultRestClient.java:779) ~[spring-web-7.0.8.jar:7.0.8]
	at org.springframework.web.client.DefaultRestClient$DefaultRequestBodyUriSpec.exchangeInternal(DefaultRestClient.java:624) ~[spring-web-7.0.8.jar:7.0.8]
	at org.springframework.web.client.DefaultRestClient$DefaultRequestBodyUriSpec.exchange(DefaultRestClient.java:572) ~[spring-web-7.0.8.jar:7.0.8]
	at org.springframework.web.client.RestClient$RequestHeadersSpec.exchange(RestClient.java:747) ~[spring-web-7.0.8.jar:7.0.8]
	at org.springframework.web.client.DefaultRestClient$DefaultResponseSpec.executeAndExtract(DefaultRestClient.java:924) ~[spring-web-7.0.8.jar:7.0.8]
	at org.springframework.web.client.DefaultRestClient$DefaultResponseSpec.toBodilessEntity(DefaultRestClient.java:888) ~[spring-web-7.0.8.jar:7.0.8]
	at org.springframework.cloud.netflix.eureka.http.RestClientEurekaHttpClient.cancel(RestClientEurekaHttpClient.java:73) ~[spring-cloud-netflix-eureka-client-5.0.2.jar:5.0.2]
	at com.netflix.discovery.shared.transport.decorator.EurekaHttpClientDecorator$2.execute(EurekaHttpClientDecorator.java:74) ~[eureka-client-2.0.6.jar:2.0.6]
	at com.netflix.discovery.shared.transport.decorator.RedirectingEurekaHttpClient.executeOnNewServer(RedirectingEurekaHttpClient.java:120) ~[eureka-client-2.0.6.jar:2.0.6]
	at com.netflix.discovery.shared.transport.decorator.RedirectingEurekaHttpClient.execute(RedirectingEurekaHttpClient.java:79) ~[eureka-client-2.0.6.jar:2.0.6]
	at com.netflix.discovery.shared.transport.decorator.EurekaHttpClientDecorator.cancel(EurekaHttpClientDecorator.java:71) ~[eureka-client-2.0.6.jar:2.0.6]
	at com.netflix.discovery.shared.transport.decorator.EurekaHttpClientDecorator$2.execute(EurekaHttpClientDecorator.java:74) ~[eureka-client-2.0.6.jar:2.0.6]
	at com.netflix.discovery.shared.transport.decorator.RetryableEurekaHttpClient.execute(RetryableEurekaHttpClient.java:120) ~[eureka-client-2.0.6.jar:2.0.6]
	at com.netflix.discovery.shared.transport.decorator.EurekaHttpClientDecorator.cancel(EurekaHttpClientDecorator.java:71) ~[eureka-client-2.0.6.jar:2.0.6]
	at com.netflix.discovery.shared.transport.decorator.EurekaHttpClientDecorator$2.execute(EurekaHttpClientDecorator.java:74) ~[eureka-client-2.0.6.jar:2.0.6]
	at com.netflix.discovery.shared.transport.decorator.SessionedEurekaHttpClient.execute(SessionedEurekaHttpClient.java:76) ~[eureka-client-2.0.6.jar:2.0.6]
	at com.netflix.discovery.shared.transport.decorator.EurekaHttpClientDecorator.cancel(EurekaHttpClientDecorator.java:71) ~[eureka-client-2.0.6.jar:2.0.6]
	at com.netflix.discovery.DiscoveryClient.unregister(DiscoveryClient.java:934) ~[eureka-client-2.0.6.jar:2.0.6]
	at com.netflix.discovery.DiscoveryClient.shutdown(DiscoveryClient.java:915) ~[eureka-client-2.0.6.jar:2.0.6]
	at java.base/jdk.internal.reflect.NativeMethodAccessorImpl.invoke0(Native Method) ~[na:na]
	at java.base/jdk.internal.reflect.NativeMethodAccessorImpl.invoke(NativeMethodAccessorImpl.java:77) ~[na:na]
	at java.base/jdk.internal.reflect.DelegatingMethodAccessorImpl.invoke(DelegatingMethodAccessorImpl.java:43) ~[na:na]
	at java.base/java.lang.reflect.Method.invoke(Method.java:569) ~[na:na]
	at org.springframework.beans.factory.annotation.InitDestroyAnnotationBeanPostProcessor$LifecycleMethod.invoke(InitDestroyAnnotationBeanPostProcessor.java:453) ~[spring-beans-7.0.8.jar:7.0.8]
	at org.springframework.beans.factory.annotation.InitDestroyAnnotationBeanPostProcessor$LifecycleMetadata.invokeDestroyMethods(InitDestroyAnnotationBeanPostProcessor.java:411) ~[spring-beans-7.0.8.jar:7.0.8]
	at org.springframework.beans.factory.annotation.InitDestroyAnnotationBeanPostProcessor.postProcessBeforeDestruction(InitDestroyAnnotationBeanPostProcessor.java:237) ~[spring-beans-7.0.8.jar:7.0.8]
	at org.springframework.beans.factory.support.DisposableBeanAdapter.destroy(DisposableBeanAdapter.java:200) ~[spring-beans-7.0.8.jar:7.0.8]
	at org.springframework.beans.factory.support.DisposableBeanAdapter.run(DisposableBeanAdapter.java:193) ~[spring-beans-7.0.8.jar:7.0.8]
	at org.springframework.cloud.context.scope.GenericScope$BeanLifecycleWrapper.destroy(GenericScope.java:387) ~[spring-cloud-context-5.0.2.jar:5.0.2]
	at org.springframework.cloud.context.scope.GenericScope.destroy(GenericScope.java:134) ~[spring-cloud-context-5.0.2.jar:5.0.2]
	at org.springframework.beans.factory.support.DisposableBeanAdapter.destroy(DisposableBeanAdapter.java:209) ~[spring-beans-7.0.8.jar:7.0.8]
	at org.springframework.beans.factory.support.DefaultSingletonBeanRegistry.destroyBean(DefaultSingletonBeanRegistry.java:795) ~[spring-beans-7.0.8.jar:7.0.8]
	at org.springframework.beans.factory.support.DefaultSingletonBeanRegistry.destroySingleton(DefaultSingletonBeanRegistry.java:745) ~[spring-beans-7.0.8.jar:7.0.8]
	at org.springframework.beans.factory.support.DefaultListableBeanFactory.destroySingleton(DefaultListableBeanFactory.java:1507) ~[spring-beans-7.0.8.jar:7.0.8]
	at org.springframework.beans.factory.support.DefaultSingletonBeanRegistry.destroySingletons(DefaultSingletonBeanRegistry.java:704) ~[spring-beans-7.0.8.jar:7.0.8]
	at org.springframework.beans.factory.support.DefaultListableBeanFactory.destroySingletons(DefaultListableBeanFactory.java:1500) ~[spring-beans-7.0.8.jar:7.0.8]
	at org.springframework.context.support.AbstractApplicationContext.destroyBeans(AbstractApplicationContext.java:1246) ~[spring-context-7.0.8.jar:7.0.8]
	at org.springframework.context.support.AbstractApplicationContext.doClose(AbstractApplicationContext.java:1207) ~[spring-context-7.0.8.jar:7.0.8]
	at org.springframework.boot.web.server.reactive.context.ReactiveWebServerApplicationContext.doClose(ReactiveWebServerApplicationContext.java:158) ~[spring-boot-web-server-4.0.7.jar:4.0.7]
	at org.springframework.context.support.AbstractApplicationContext.close(AbstractApplicationContext.java:1153) ~[spring-context-7.0.8.jar:7.0.8]
	at org.springframework.boot.SpringApplicationShutdownHook.closeAndWait(SpringApplicationShutdownHook.java:147) ~[spring-boot-4.0.7.jar:4.0.7]
	at java.base/java.lang.Iterable.forEach(Iterable.java:75) ~[na:na]
	at org.springframework.boot.SpringApplicationShutdownHook.run(SpringApplicationShutdownHook.java:116) ~[spring-boot-4.0.7.jar:4.0.7]
	at java.base/java.lang.Thread.run(Thread.java:840) ~[na:na]
Caused by: org.apache.hc.client5.http.HttpHostConnectException: Connect to http://localhost:8761 failed: Connection refused
	at java.base/sun.nio.ch.Net.pollConnect(Native Method) ~[na:na]
	at java.base/sun.nio.ch.Net.pollConnectNow(Net.java:684) ~[na:na]
	at java.base/sun.nio.ch.NioSocketImpl.timedFinishConnect(NioSocketImpl.java:547) ~[na:na]
	at java.base/sun.nio.ch.NioSocketImpl.connect(NioSocketImpl.java:602) ~[na:na]
	at java.base/java.net.SocksSocketImpl.connect(SocksSocketImpl.java:327) ~[na:na]
	at java.base/java.net.Socket.connect(Socket.java:633) ~[na:na]
	at org.apache.hc.client5.http.impl.io.DefaultHttpClientConnectionOperator.connect(DefaultHttpClientConnectionOperator.java:226) ~[httpclient5-5.5.2.jar:5.5.2]
	at org.apache.hc.client5.http.impl.io.PoolingHttpClientConnectionManager.connect(PoolingHttpClientConnectionManager.java:497) ~[httpclient5-5.5.2.jar:5.5.2]
	at org.apache.hc.client5.http.impl.classic.InternalExecRuntime.connectEndpoint(InternalExecRuntime.java:164) ~[httpclient5-5.5.2.jar:5.5.2]
	at org.apache.hc.client5.http.impl.classic.InternalExecRuntime.connectEndpoint(InternalExecRuntime.java:174) ~[httpclient5-5.5.2.jar:5.5.2]
	at org.apache.hc.client5.http.impl.classic.ConnectExec.execute(ConnectExec.java:144) ~[httpclient5-5.5.2.jar:5.5.2]
	at org.apache.hc.client5.http.impl.classic.ExecChainElement.execute(ExecChainElement.java:51) ~[httpclient5-5.5.2.jar:5.5.2]
	at org.apache.hc.client5.http.impl.classic.ProtocolExec.execute(ProtocolExec.java:195) ~[httpclient5-5.5.2.jar:5.5.2]
	at org.apache.hc.client5.http.impl.classic.ExecChainElement.execute(ExecChainElement.java:51) ~[httpclient5-5.5.2.jar:5.5.2]
	at org.apache.hc.client5.http.impl.classic.ContentCompressionExec.execute(ContentCompressionExec.java:168) ~[httpclient5-5.5.2.jar:5.5.2]
	at org.apache.hc.client5.http.impl.classic.ExecChainElement.execute(ExecChainElement.java:51) ~[httpclient5-5.5.2.jar:5.5.2]
	at org.apache.hc.client5.http.impl.classic.HttpRequestRetryExec.execute(HttpRequestRetryExec.java:112) ~[httpclient5-5.5.2.jar:5.5.2]
	at org.apache.hc.client5.http.impl.classic.ExecChainElement.execute(ExecChainElement.java:51) ~[httpclient5-5.5.2.jar:5.5.2]
	at org.apache.hc.client5.http.impl.classic.RedirectExec.execute(RedirectExec.java:110) ~[httpclient5-5.5.2.jar:5.5.2]
	at org.apache.hc.client5.http.impl.classic.ExecChainElement.execute(ExecChainElement.java:51) ~[httpclient5-5.5.2.jar:5.5.2]
	at org.apache.hc.client5.http.impl.classic.InternalHttpClient.doExecute(InternalHttpClient.java:185) ~[httpclient5-5.5.2.jar:5.5.2]
	at org.apache.hc.client5.http.impl.classic.CloseableHttpClient.execute(CloseableHttpClient.java:87) ~[httpclient5-5.5.2.jar:5.5.2]
	at org.apache.hc.client5.http.impl.classic.CloseableHttpClient.execute(CloseableHttpClient.java:55) ~[httpclient5-5.5.2.jar:5.5.2]
	at org.apache.hc.client5.http.classic.HttpClient.executeOpen(HttpClient.java:183) ~[httpclient5-5.5.2.jar:5.5.2]
	at org.springframework.http.client.HttpComponentsClientHttpRequest.executeInternal(HttpComponentsClientHttpRequest.java:99) ~[spring-web-7.0.8.jar:7.0.8]
	at org.springframework.http.client.AbstractStreamingClientHttpRequest.executeInternal(AbstractStreamingClientHttpRequest.java:87) ~[spring-web-7.0.8.jar:7.0.8]
	at org.springframework.http.client.AbstractClientHttpRequest.execute(AbstractClientHttpRequest.java:80) ~[spring-web-7.0.8.jar:7.0.8]
	at org.springframework.http.client.AbstractBufferingClientHttpRequest.executeWithRequestAndBody(AbstractBufferingClientHttpRequest.java:89) ~[spring-web-7.0.8.jar:7.0.8]
	at org.springframework.http.client.InterceptingClientHttpRequest$EndOfChainRequestExecution.execute(InterceptingClientHttpRequest.java:102) ~[spring-web-7.0.8.jar:7.0.8]
	at org.springframework.cloud.netflix.eureka.http.RestClientTransportClientFactory.lambda$newClient$2(RestClientTransportClientFactory.java:98) ~[spring-cloud-netflix-eureka-client-5.0.2.jar:5.0.2]
	at org.springframework.http.client.ClientHttpRequestInterceptor.lambda$apply$0(ClientHttpRequestInterceptor.java:89) ~[spring-web-7.0.8.jar:7.0.8]
	at org.springframework.http.client.InterceptingClientHttpRequest.executeInternal(InterceptingClientHttpRequest.java:73) ~[spring-web-7.0.8.jar:7.0.8]
	at org.springframework.http.client.AbstractBufferingClientHttpRequest.executeInternal(AbstractBufferingClientHttpRequest.java:50) ~[spring-web-7.0.8.jar:7.0.8]
	at org.springframework.http.client.AbstractClientHttpRequest.execute(AbstractClientHttpRequest.java:80) ~[spring-web-7.0.8.jar:7.0.8]
	at org.springframework.web.client.DefaultRestClient$DefaultRequestBodyUriSpec.exchangeInternal(DefaultRestClient.java:614) ~[spring-web-7.0.8.jar:7.0.8]
	... 42 common frames omitted

2026-07-04T11:30:03.797+05:30  WARN 8180 --- [API-GATEWAY] [ionShutdownHook] c.n.d.s.t.d.RetryableEurekaHttpClient    : Request execution failed with message: I/O error on DELETE request for "http://localhost:8761/eureka/apps/API-GATEWAY/10.10.3.10:API-GATEWAY:8089": Connect to http://localhost:8761 failed: Connection refused
2026-07-04T11:30:03.798+05:30 ERROR 8180 --- [API-GATEWAY] [ionShutdownHook] com.netflix.discovery.DiscoveryClient    : DiscoveryClient_API-GATEWAY/10.10.3.10:API-GATEWAY:8089 - de-registration failedCannot execute request on any known server

com.netflix.discovery.shared.transport.TransportException: Cannot execute request on any known server
	at com.netflix.discovery.shared.transport.decorator.RetryableEurekaHttpClient.execute(RetryableEurekaHttpClient.java:112) ~[eureka-client-2.0.6.jar:2.0.6]
	at com.netflix.discovery.shared.transport.decorator.EurekaHttpClientDecorator.cancel(EurekaHttpClientDecorator.java:71) ~[eureka-client-2.0.6.jar:2.0.6]
	at com.netflix.discovery.shared.transport.decorator.EurekaHttpClientDecorator$2.execute(EurekaHttpClientDecorator.java:74) ~[eureka-client-2.0.6.jar:2.0.6]
	at com.netflix.discovery.shared.transport.decorator.SessionedEurekaHttpClient.execute(SessionedEurekaHttpClient.java:76) ~[eureka-client-2.0.6.jar:2.0.6]
	at com.netflix.discovery.shared.transport.decorator.EurekaHttpClientDecorator.cancel(EurekaHttpClientDecorator.java:71) ~[eureka-client-2.0.6.jar:2.0.6]
	at com.netflix.discovery.DiscoveryClient.unregister(DiscoveryClient.java:934) ~[eureka-client-2.0.6.jar:2.0.6]
	at com.netflix.discovery.DiscoveryClient.shutdown(DiscoveryClient.java:915) ~[eureka-client-2.0.6.jar:2.0.6]
	at java.base/jdk.internal.reflect.NativeMethodAccessorImpl.invoke0(Native Method) ~[na:na]
	at java.base/jdk.internal.reflect.NativeMethodAccessorImpl.invoke(NativeMethodAccessorImpl.java:77) ~[na:na]
	at java.base/jdk.internal.reflect.DelegatingMethodAccessorImpl.invoke(DelegatingMethodAccessorImpl.java:43) ~[na:na]
	at java.base/java.lang.reflect.Method.invoke(Method.java:569) ~[na:na]
	at org.springframework.beans.factory.annotation.InitDestroyAnnotationBeanPostProcessor$LifecycleMethod.invoke(InitDestroyAnnotationBeanPostProcessor.java:453) ~[spring-beans-7.0.8.jar:7.0.8]
	at org.springframework.beans.factory.annotation.InitDestroyAnnotationBeanPostProcessor$LifecycleMetadata.invokeDestroyMethods(InitDestroyAnnotationBeanPostProcessor.java:411) ~[spring-beans-7.0.8.jar:7.0.8]
	at org.springframework.beans.factory.annotation.InitDestroyAnnotationBeanPostProcessor.postProcessBeforeDestruction(InitDestroyAnnotationBeanPostProcessor.java:237) ~[spring-beans-7.0.8.jar:7.0.8]
	at org.springframework.beans.factory.support.DisposableBeanAdapter.destroy(DisposableBeanAdapter.java:200) ~[spring-beans-7.0.8.jar:7.0.8]
	at org.springframework.beans.factory.support.DisposableBeanAdapter.run(DisposableBeanAdapter.java:193) ~[spring-beans-7.0.8.jar:7.0.8]
	at org.springframework.cloud.context.scope.GenericScope$BeanLifecycleWrapper.destroy(GenericScope.java:387) ~[spring-cloud-context-5.0.2.jar:5.0.2]
	at org.springframework.cloud.context.scope.GenericScope.destroy(GenericScope.java:134) ~[spring-cloud-context-5.0.2.jar:5.0.2]
	at org.springframework.beans.factory.support.DisposableBeanAdapter.destroy(DisposableBeanAdapter.java:209) ~[spring-beans-7.0.8.jar:7.0.8]
	at org.springframework.beans.factory.support.DefaultSingletonBeanRegistry.destroyBean(DefaultSingletonBeanRegistry.java:795) ~[spring-beans-7.0.8.jar:7.0.8]
	at org.springframework.beans.factory.support.DefaultSingletonBeanRegistry.destroySingleton(DefaultSingletonBeanRegistry.java:745) ~[spring-beans-7.0.8.jar:7.0.8]
	at org.springframework.beans.factory.support.DefaultListableBeanFactory.destroySingleton(DefaultListableBeanFactory.java:1507) ~[spring-beans-7.0.8.jar:7.0.8]
	at org.springframework.beans.factory.support.DefaultSingletonBeanRegistry.destroySingletons(DefaultSingletonBeanRegistry.java:704) ~[spring-beans-7.0.8.jar:7.0.8]
	at org.springframework.beans.factory.support.DefaultListableBeanFactory.destroySingletons(DefaultListableBeanFactory.java:1500) ~[spring-beans-7.0.8.jar:7.0.8]
	at org.springframework.context.support.AbstractApplicationContext.destroyBeans(AbstractApplicationContext.java:1246) ~[spring-context-7.0.8.jar:7.0.8]
	at org.springframework.context.support.AbstractApplicationContext.doClose(AbstractApplicationContext.java:1207) ~[spring-context-7.0.8.jar:7.0.8]
	at org.springframework.boot.web.server.reactive.context.ReactiveWebServerApplicationContext.doClose(ReactiveWebServerApplicationContext.java:158) ~[spring-boot-web-server-4.0.7.jar:4.0.7]
	at org.springframework.context.support.AbstractApplicationContext.close(AbstractApplicationContext.java:1153) ~[spring-context-7.0.8.jar:7.0.8]
	at org.springframework.boot.SpringApplicationShutdownHook.closeAndWait(SpringApplicationShutdownHook.java:147) ~[spring-boot-4.0.7.jar:4.0.7]
	at java.base/java.lang.Iterable.forEach(Iterable.java:75) ~[na:na]
	at org.springframework.boot.SpringApplicationShutdownHook.run(SpringApplicationShutdownHook.java:116) ~[spring-boot-4.0.7.jar:4.0.7]
	at java.base/java.lang.Thread.run(Thread.java:840) ~[na:na]

2026-07-04T11:30:03.800+05:30  INFO 8180 --- [API-GATEWAY] [ionShutdownHook] com.netflix.discovery.DiscoveryClient    : Completed shut down of DiscoveryClient
[INFO] ------------------------------------------------------------------------
[INFO] BUILD SUCCESS
[INFO] ------------------------------------------------------------------------
[INFO] Total time:  04:51 min
[INFO] Finished at: 2026-07-04T11:30:04+05:30
[INFO] ------------------------------------------------------------------------
