[INFO] Scanning for projects...
[INFO] 
[INFO] ---------------------< com.twitter:eureka-server >----------------------
[INFO] Building  0.0.1-SNAPSHOT
[INFO]   from pom.xml
[INFO] --------------------------------[ jar ]---------------------------------
[INFO] 
[INFO] >>> spring-boot:4.0.7:run (default-cli) > test-compile @ eureka-server >>>
[INFO] 
[INFO] --- resources:3.3.1:resources (default-resources) @ eureka-server ---
[INFO] Copying 1 resource from src/main/resources to target/classes
[INFO] Copying 0 resource from src/main/resources to target/classes
[INFO] 
[INFO] --- compiler:3.14.1:compile (default-compile) @ eureka-server ---
[INFO] Nothing to compile - all classes are up to date.
[INFO] 
[INFO] --- resources:3.3.1:testResources (default-testResources) @ eureka-server ---
[INFO] skip non existing resourceDirectory /home/md-quayem-ashraf/Desktop/TwitterClone/eureka-server/src/test/resources
[INFO] 
[INFO] --- compiler:3.14.1:testCompile (default-testCompile) @ eureka-server ---
[INFO] Nothing to compile - all classes are up to date.
[INFO] 
[INFO] <<< spring-boot:4.0.7:run (default-cli) < test-compile @ eureka-server <<<
[INFO] 
[INFO] 
[INFO] --- spring-boot:4.0.7:run (default-cli) @ eureka-server ---
[INFO] Attaching agents: []

  .   ____          _            __ _ _
 /\\ / ___'_ __ _ _(_)_ __  __ _ \ \ \ \
( ( )\___ | '_ | '_| | '_ \/ _` | \ \ \ \
 \\/  ___)| |_)| | | | | || (_| |  ) ) ) )
  '  |____| .__|_| |_|_| |_\__, | / / / /
 =========|_|==============|___/=/_/_/_/

 :: Spring Boot ::                (v4.0.7)

2026-07-04T11:25:04.277+05:30  INFO 6936 --- [eureka-server] [  restartedMain] c.t.e.EurekaServerApplication            : Starting EurekaServerApplication using Java 17.0.19 with PID 6936 (/home/md-quayem-ashraf/Desktop/TwitterClone/eureka-server/target/classes started by md-quayem-ashraf in /home/md-quayem-ashraf/Desktop/TwitterClone/eureka-server)
2026-07-04T11:25:04.285+05:30  INFO 6936 --- [eureka-server] [  restartedMain] c.t.e.EurekaServerApplication            : No active profile set, falling back to 1 default profile: "default"
2026-07-04T11:25:04.383+05:30  INFO 6936 --- [eureka-server] [  restartedMain] .e.DevToolsPropertyDefaultsPostProcessor : Devtools property defaults active! Set 'spring.devtools.add-properties' to 'false' to disable
2026-07-04T11:25:04.383+05:30  INFO 6936 --- [eureka-server] [  restartedMain] .e.DevToolsPropertyDefaultsPostProcessor : For additional web related logging consider setting the 'logging.level.web' property to 'DEBUG'
2026-07-04T11:25:06.275+05:30  INFO 6936 --- [eureka-server] [  restartedMain] o.s.cloud.context.scope.GenericScope     : BeanFactory id=653d5962-9e83-323e-bfeb-3134cbb63709
2026-07-04T11:25:06.980+05:30  INFO 6936 --- [eureka-server] [  restartedMain] o.s.boot.tomcat.TomcatWebServer          : Tomcat initialized with port 8761 (http)
2026-07-04T11:25:07.025+05:30  INFO 6936 --- [eureka-server] [  restartedMain] o.apache.catalina.core.StandardService   : Starting service [Tomcat]
2026-07-04T11:25:07.026+05:30  INFO 6936 --- [eureka-server] [  restartedMain] o.apache.catalina.core.StandardEngine    : Starting Servlet engine: [Apache Tomcat/11.0.22]
2026-07-04T11:25:07.148+05:30  INFO 6936 --- [eureka-server] [  restartedMain] b.w.c.s.WebApplicationContextInitializer : Root WebApplicationContext: initialization completed in 2757 ms
2026-07-04T11:25:10.945+05:30  INFO 6936 --- [eureka-server] [  restartedMain] c.n.d.provider.DiscoveryJerseyProvider   : Using JSON encoding codec LegacyJacksonJson
2026-07-04T11:25:10.945+05:30  INFO 6936 --- [eureka-server] [  restartedMain] c.n.d.provider.DiscoveryJerseyProvider   : Using JSON decoding codec LegacyJacksonJson
2026-07-04T11:25:11.270+05:30  INFO 6936 --- [eureka-server] [  restartedMain] c.n.d.provider.DiscoveryJerseyProvider   : Using XML encoding codec XStreamXml
2026-07-04T11:25:11.270+05:30  INFO 6936 --- [eureka-server] [  restartedMain] c.n.d.provider.DiscoveryJerseyProvider   : Using XML decoding codec XStreamXml
2026-07-04T11:25:11.619+05:30  INFO 6936 --- [eureka-server] [  restartedMain] o.s.v.b.OptionalValidatorFactoryBean     : Failed to set up a Bean Validation provider: jakarta.validation.NoProviderFoundException: Unable to create a Configuration, because no Jakarta Validation provider could be found. Add a provider like Hibernate Validator (RI) to your classpath.
2026-07-04T11:25:13.608+05:30  WARN 6936 --- [eureka-server] [  restartedMain] iguration$LoadBalancerCaffeineWarnLogger : Spring Cloud LoadBalancer is currently working with the default cache. While this cache implementation is useful for development and tests, it's recommended to use Caffeine cache in production.You can switch to using Caffeine cache, by adding it and org.springframework.cache.caffeine.CaffeineCacheManager to the classpath.
2026-07-04T11:25:13.667+05:30  INFO 6936 --- [eureka-server] [  restartedMain] o.s.c.n.eureka.InstanceInfoFactory       : Setting initial instance status as: STARTING
2026-07-04T11:25:13.730+05:30  INFO 6936 --- [eureka-server] [  restartedMain] com.netflix.discovery.DiscoveryClient    : Initializing Eureka in region us-east-1
2026-07-04T11:25:13.730+05:30  INFO 6936 --- [eureka-server] [  restartedMain] com.netflix.discovery.DiscoveryClient    : Client configured to neither register nor query for data.
2026-07-04T11:25:13.748+05:30  INFO 6936 --- [eureka-server] [  restartedMain] com.netflix.discovery.DiscoveryClient    : Discovery Client initialized at timestamp 1783144513738 with initial instances count: 0
2026-07-04T11:25:13.969+05:30  INFO 6936 --- [eureka-server] [  restartedMain] c.n.eureka.DefaultEurekaServerContext    : Initializing ...
2026-07-04T11:25:13.973+05:30  INFO 6936 --- [eureka-server] [  restartedMain] c.n.eureka.cluster.PeerEurekaNodes       : Adding new peer nodes [http://localhost:8761/eureka/]
2026-07-04T11:25:15.045+05:30  INFO 6936 --- [eureka-server] [  restartedMain] c.n.d.provider.DiscoveryJerseyProvider   : Using JSON encoding codec LegacyJacksonJson
2026-07-04T11:25:15.049+05:30  INFO 6936 --- [eureka-server] [  restartedMain] c.n.d.provider.DiscoveryJerseyProvider   : Using JSON decoding codec LegacyJacksonJson
2026-07-04T11:25:15.050+05:30  INFO 6936 --- [eureka-server] [  restartedMain] c.n.d.provider.DiscoveryJerseyProvider   : Using XML encoding codec XStreamXml
2026-07-04T11:25:15.050+05:30  INFO 6936 --- [eureka-server] [  restartedMain] c.n.d.provider.DiscoveryJerseyProvider   : Using XML decoding codec XStreamXml
2026-07-04T11:25:15.276+05:30  INFO 6936 --- [eureka-server] [  restartedMain] c.n.eureka.cluster.PeerEurekaNodes       : Replica node URL:  http://localhost:8761/eureka/
2026-07-04T11:25:15.370+05:30  INFO 6936 --- [eureka-server] [  restartedMain] c.n.e.registry.AbstractInstanceRegistry  : Finished initializing remote region registries. All known remote regions: []
2026-07-04T11:25:15.370+05:30  INFO 6936 --- [eureka-server] [  restartedMain] c.n.eureka.DefaultEurekaServerContext    : Initialized
2026-07-04T11:25:15.452+05:30  INFO 6936 --- [eureka-server] [  restartedMain] o.s.b.a.e.web.EndpointLinksResolver      : Exposing 1 endpoint beneath base path '/actuator'
2026-07-04T11:25:15.870+05:30  INFO 6936 --- [eureka-server] [  restartedMain] o.s.c.n.e.s.EurekaServiceRegistry        : Registering application EUREKA-SERVER with eureka with status UP
2026-07-04T11:25:15.964+05:30  INFO 6936 --- [eureka-server] [      Thread-13] o.s.c.n.e.server.EurekaServerBootstrap   : isAws returned false
2026-07-04T11:25:15.966+05:30  INFO 6936 --- [eureka-server] [      Thread-13] o.s.c.n.e.server.EurekaServerBootstrap   : Initialized server context
2026-07-04T11:25:15.974+05:30  INFO 6936 --- [eureka-server] [      Thread-13] c.n.e.r.PeerAwareInstanceRegistryImpl    : Got 1 instances from neighboring DS node
2026-07-04T11:25:15.975+05:30  INFO 6936 --- [eureka-server] [      Thread-13] c.n.e.r.PeerAwareInstanceRegistryImpl    : Renew threshold is: 1
2026-07-04T11:25:15.981+05:30  INFO 6936 --- [eureka-server] [      Thread-13] c.n.e.r.PeerAwareInstanceRegistryImpl    : Changing status to UP
2026-07-04T11:25:15.999+05:30  INFO 6936 --- [eureka-server] [      Thread-13] e.s.EurekaServerInitializerConfiguration : Started Eureka Server
2026-07-04T11:25:16.063+05:30  INFO 6936 --- [eureka-server] [  restartedMain] o.s.boot.tomcat.TomcatWebServer          : Tomcat started on port 8761 (http) with context path '/'
2026-07-04T11:25:16.073+05:30  INFO 6936 --- [eureka-server] [  restartedMain] .s.c.n.e.s.EurekaAutoServiceRegistration : Updating port to 8761
2026-07-04T11:25:16.211+05:30  INFO 6936 --- [eureka-server] [  restartedMain] c.t.e.EurekaServerApplication            : Started EurekaServerApplication in 12.744 seconds (process running for 13.758)
2026-07-04T11:25:48.838+05:30  INFO 6936 --- [eureka-server] [nio-8761-exec-1] o.a.c.c.C.[Tomcat].[localhost].[/]       : Initializing Spring DispatcherServlet 'dispatcherServlet'
2026-07-04T11:25:48.839+05:30  INFO 6936 --- [eureka-server] [nio-8761-exec-1] o.s.web.servlet.DispatcherServlet        : Initializing Servlet 'dispatcherServlet'
2026-07-04T11:25:48.861+05:30  INFO 6936 --- [eureka-server] [nio-8761-exec-1] o.s.web.servlet.DispatcherServlet        : Completed initialization in 20 ms
2026-07-04T11:25:51.744+05:30  INFO 6936 --- [eureka-server] [nio-8761-exec-2] c.n.e.registry.AbstractInstanceRegistry  : Registered instance API-GATEWAY/10.10.3.10:API-GATEWAY:8089 with status UP (replication=false)
2026-07-04T11:25:53.297+05:30  INFO 6936 --- [eureka-server] [nio-8761-exec-3] c.n.e.registry.AbstractInstanceRegistry  : Registered instance API-GATEWAY/10.10.3.10:API-GATEWAY:8089 with status UP (replication=true)
2026-07-04T11:26:03.001+05:30  INFO 6936 --- [eureka-server] [nio-8761-exec-6] c.n.e.registry.AbstractInstanceRegistry  : Registered instance MEDIA-SERVICE/10.10.3.10:MEDIA-SERVICE:8082 with status UP (replication=false)
2026-07-04T11:26:03.082+05:30  INFO 6936 --- [eureka-server] [nio-8761-exec-7] c.n.e.registry.AbstractInstanceRegistry  : Registered instance NOTIFICATION-SERVICE/10.10.3.10:notification-service:8083 with status UP (replication=false)
2026-07-04T11:26:03.528+05:30  INFO 6936 --- [eureka-server] [nio-8761-exec-9] c.n.e.registry.AbstractInstanceRegistry  : Registered instance MEDIA-SERVICE/10.10.3.10:MEDIA-SERVICE:8082 with status UP (replication=true)
2026-07-04T11:26:03.531+05:30  INFO 6936 --- [eureka-server] [nio-8761-exec-9] c.n.e.registry.AbstractInstanceRegistry  : Registered instance NOTIFICATION-SERVICE/10.10.3.10:notification-service:8083 with status UP (replication=true)
2026-07-04T11:26:07.368+05:30  INFO 6936 --- [eureka-server] [io-8761-exec-10] c.n.e.registry.AbstractInstanceRegistry  : Registered instance CHAT-SERVICE/10.10.3.10:chat-service:8086 with status UP (replication=false)
2026-07-04T11:26:07.881+05:30  INFO 6936 --- [eureka-server] [nio-8761-exec-1] c.n.e.registry.AbstractInstanceRegistry  : Registered instance CHAT-SERVICE/10.10.3.10:chat-service:8086 with status UP (replication=true)
2026-07-04T11:26:08.819+05:30  INFO 6936 --- [eureka-server] [nio-8761-exec-3] c.n.e.registry.AbstractInstanceRegistry  : Registered instance AUTH-SERVICE/10.10.3.10:AUTH-SERVICE:8760 with status UP (replication=false)
2026-07-04T11:26:09.374+05:30  INFO 6936 --- [eureka-server] [nio-8761-exec-4] c.n.e.registry.AbstractInstanceRegistry  : Registered instance AUTH-SERVICE/10.10.3.10:AUTH-SERVICE:8760 with status UP (replication=true)
2026-07-04T11:26:15.986+05:30  INFO 6936 --- [eureka-server] [a-EvictionTimer] c.n.e.registry.AbstractInstanceRegistry  : Running the evict task with compensationTime 0ms
2026-07-04T11:26:18.406+05:30  INFO 6936 --- [eureka-server] [nio-8761-exec-6] c.n.e.registry.AbstractInstanceRegistry  : Registered instance SOCIAL-SERVICE/10.10.3.10:SOCIAL-SERVICE:8084 with status UP (replication=false)
2026-07-04T11:26:18.923+05:30  INFO 6936 --- [eureka-server] [nio-8761-exec-7] c.n.e.registry.AbstractInstanceRegistry  : Registered instance SOCIAL-SERVICE/10.10.3.10:SOCIAL-SERVICE:8084 with status UP (replication=true)
2026-07-04T11:26:19.317+05:30  INFO 6936 --- [eureka-server] [nio-8761-exec-8] c.n.e.registry.AbstractInstanceRegistry  : Registered instance TWEET-SERVICE/10.10.3.10:TWEET-SERVICE:8085 with status UP (replication=false)
2026-07-04T11:26:19.829+05:30  INFO 6936 --- [eureka-server] [io-8761-exec-10] c.n.e.registry.AbstractInstanceRegistry  : Registered instance TWEET-SERVICE/10.10.3.10:TWEET-SERVICE:8085 with status UP (replication=true)
2026-07-04T11:27:15.988+05:30  INFO 6936 --- [eureka-server] [a-EvictionTimer] c.n.e.registry.AbstractInstanceRegistry  : Running the evict task with compensationTime 0ms
2026-07-04T11:28:15.986+05:30  INFO 6936 --- [eureka-server] [a-EvictionTimer] c.n.e.registry.AbstractInstanceRegistry  : Running the evict task with compensationTime 0ms
2026-07-04T11:29:15.986+05:30  INFO 6936 --- [eureka-server] [a-EvictionTimer] c.n.e.registry.AbstractInstanceRegistry  : Running the evict task with compensationTime 0ms
2026-07-04T11:30:00.521+05:30  INFO 6936 --- [eureka-server] [ionShutdownHook] o.s.c.n.e.s.EurekaServiceRegistry        : Unregistering application EUREKA-SERVER with eureka with status DOWN
2026-07-04T11:30:00.549+05:30  INFO 6936 --- [eureka-server] [nio-8761-exec-5] c.n.e.registry.AbstractInstanceRegistry  : Registered instance TWEET-SERVICE/10.10.3.10:TWEET-SERVICE:8085 with status DOWN (replication=false)
2026-07-04T11:30:00.548+05:30  INFO 6936 --- [eureka-server] [nio-8761-exec-6] c.n.e.registry.AbstractInstanceRegistry  : Registered instance API-GATEWAY/10.10.3.10:API-GATEWAY:8089 with status DOWN (replication=false)
2026-07-04T11:30:00.552+05:30  INFO 6936 --- [eureka-server] [nio-8761-exec-4] c.n.e.registry.AbstractInstanceRegistry  : Registered instance NOTIFICATION-SERVICE/10.10.3.10:notification-service:8083 with status DOWN (replication=false)
2026-07-04T11:30:00.593+05:30  INFO 6936 --- [eureka-server] [ionShutdownHook] o.s.boot.tomcat.GracefulShutdown         : Commencing graceful shutdown. Waiting for active requests to complete
2026-07-04T11:30:00.633+05:30  INFO 6936 --- [eureka-server] [tomcat-shutdown] o.s.boot.tomcat.GracefulShutdown         : Graceful shutdown complete
2026-07-04T11:30:00.679+05:30  INFO 6936 --- [eureka-server] [ionShutdownHook] o.s.c.n.e.server.EurekaServerBootstrap   : Shutting down Eureka Server..
2026-07-04T11:30:00.682+05:30  INFO 6936 --- [eureka-server] [ionShutdownHook] c.n.eureka.DefaultEurekaServerContext    : Shutting down ...
2026-07-04T11:30:00.689+05:30 ERROR 6936 --- [eureka-server] [t-Conn-Cleaner2] c.n.d.s.t.j.EurekaJersey3ClientImpl      : Cannot clean connections

java.lang.IllegalStateException: Client instance has been closed.
	at org.glassfish.jersey.internal.guava.Preconditions.checkState(Preconditions.java:169) ~[jersey-common-4.0.2.jar:na]
	at org.glassfish.jersey.client.JerseyClient.checkNotClosed(JerseyClient.java:248) ~[jersey-client-4.0.2.jar:na]
	at org.glassfish.jersey.client.JerseyClient.getConfiguration(JerseyClient.java:363) ~[jersey-client-4.0.2.jar:na]
	at org.glassfish.jersey.client.JerseyClient.getConfiguration(JerseyClient.java:54) ~[jersey-client-4.0.2.jar:na]
	at com.netflix.discovery.shared.transport.jersey3.EurekaJersey3ClientImpl$ConnectionCleanerTask.run(EurekaJersey3ClientImpl.java:338) ~[eureka-client-jersey3-2.0.6.jar:2.0.6]
	at java.base/java.util.concurrent.Executors$RunnableAdapter.call(Executors.java:539) ~[na:na]
	at java.base/java.util.concurrent.FutureTask.run(FutureTask.java:264) ~[na:na]
	at java.base/java.util.concurrent.ScheduledThreadPoolExecutor$ScheduledFutureTask.run(ScheduledThreadPoolExecutor.java:304) ~[na:na]
	at java.base/java.util.concurrent.ThreadPoolExecutor.runWorker(ThreadPoolExecutor.java:1136) ~[na:na]
	at java.base/java.util.concurrent.ThreadPoolExecutor$Worker.run(ThreadPoolExecutor.java:635) ~[na:na]
	at java.base/java.lang.Thread.run(Thread.java:840) ~[na:na]

2026-07-04T11:30:00.759+05:30  INFO 6936 --- [eureka-server] [ionShutdownHook] c.n.eureka.DefaultEurekaServerContext    : Shut down
2026-07-04T11:30:00.759+05:30  INFO 6936 --- [eureka-server] [ionShutdownHook] o.s.c.n.e.server.EurekaServerBootstrap   : Eureka Service is now shutdown...
2026-07-04T11:30:00.770+05:30  INFO 6936 --- [eureka-server] [ionShutdownHook] c.n.eureka.DefaultEurekaServerContext    : Shutting down ...
2026-07-04T11:30:00.771+05:30  INFO 6936 --- [eureka-server] [ionShutdownHook] c.n.eureka.DefaultEurekaServerContext    : Shut down
2026-07-04T11:30:00.804+05:30  INFO 6936 --- [eureka-server] [ionShutdownHook] com.netflix.discovery.DiscoveryClient    : Shutting down DiscoveryClient ...
2026-07-04T11:30:00.805+05:30  INFO 6936 --- [eureka-server] [ionShutdownHook] com.netflix.discovery.DiscoveryClient    : Completed shut down of DiscoveryClient
[INFO] ------------------------------------------------------------------------
[INFO] BUILD SUCCESS
[INFO] ------------------------------------------------------------------------
[INFO] Total time:  05:03 min
[INFO] Finished at: 2026-07-04T11:30:01+05:30
[INFO] ------------------------------------------------------------------------
